Component: ARM Compiler 5.05 update 1 (build 106) Tool: armlink [4d0efa]

==============================================================================

Section Cross References

    system_stm32f10x.o(i.SetSysClock) refers to system_stm32f10x.o(i.SetSysClockTo72) for SetSysClockTo72
    system_stm32f10x.o(i.SystemCoreClockUpdate) refers to system_stm32f10x.o(.data) for SystemCoreClock
    system_stm32f10x.o(i.SystemInit) refers to system_stm32f10x.o(i.SetSysClock) for SetSysClock
    startup_stm32f10x_md.o(STACK) refers (Special) to heapauxi.o(.text) for __use_two_region_memory
    startup_stm32f10x_md.o(HEAP) refers (Special) to heapauxi.o(.text) for __use_two_region_memory
    startup_stm32f10x_md.o(RESET) refers (Special) to heapauxi.o(.text) for __use_two_region_memory
    startup_stm32f10x_md.o(RESET) refers to startup_stm32f10x_md.o(STACK) for __initial_sp
    startup_stm32f10x_md.o(RESET) refers to startup_stm32f10x_md.o(.text) for Reset_Handler
    startup_stm32f10x_md.o(RESET) refers to stm32f10x_it.o(i.NMI_Handler) for NMI_Handler
    startup_stm32f10x_md.o(RESET) refers to stm32f10x_it.o(i.HardFault_Handler) for HardFault_Handler
    startup_stm32f10x_md.o(RESET) refers to stm32f10x_it.o(i.MemManage_Handler) for MemManage_Handler
    startup_stm32f10x_md.o(RESET) refers to stm32f10x_it.o(i.BusFault_Handler) for BusFault_Handler
    startup_stm32f10x_md.o(RESET) refers to stm32f10x_it.o(i.UsageFault_Handler) for UsageFault_Handler
    startup_stm32f10x_md.o(RESET) refers to port.o(.emb_text) for SVC_Handler
    startup_stm32f10x_md.o(RESET) refers to stm32f10x_it.o(i.DebugMon_Handler) for DebugMon_Handler
    startup_stm32f10x_md.o(RESET) refers to delay.o(i.SysTick_Handler) for SysTick_Handler
    startup_stm32f10x_md.o(RESET) refers to usart.o(i.USART1_IRQHandler) for USART1_IRQHandler
    startup_stm32f10x_md.o(.text) refers (Special) to heapauxi.o(.text) for __use_two_region_memory
    startup_stm32f10x_md.o(.text) refers to system_stm32f10x.o(i.SystemInit) for SystemInit
    startup_stm32f10x_md.o(.text) refers to __main.o(!!!main) for __main
    startup_stm32f10x_md.o(.text) refers to startup_stm32f10x_md.o(HEAP) for Heap_Mem
    startup_stm32f10x_md.o(.text) refers to startup_stm32f10x_md.o(STACK) for Stack_Mem
    event_groups.o(i.vEventGroupClearBitsCallback) refers to event_groups.o(i.xEventGroupClearBits) for xEventGroupClearBits
    event_groups.o(i.vEventGroupDelete) refers to _printf_percent.o(.ARM.Collect$$_printf_percent$$00000000) for _printf_percent
    event_groups.o(i.vEventGroupDelete) refers to _printf_d.o(.ARM.Collect$$_printf_percent$$00000009) for _printf_d
    event_groups.o(i.vEventGroupDelete) refers to _printf_s.o(.ARM.Collect$$_printf_percent$$00000014) for _printf_s
    event_groups.o(i.vEventGroupDelete) refers to _printf_dec.o(.text) for _printf_int_dec
    event_groups.o(i.vEventGroupDelete) refers to _printf_str.o(.text) for _printf_str
    event_groups.o(i.vEventGroupDelete) refers to tasks.o(i.vTaskSuspendAll) for vTaskSuspendAll
    event_groups.o(i.vEventGroupDelete) refers to noretval__2printf.o(.text) for __2printf
    event_groups.o(i.vEventGroupDelete) refers to tasks.o(i.xTaskRemoveFromUnorderedEventList) for xTaskRemoveFromUnorderedEventList
    event_groups.o(i.vEventGroupDelete) refers to heap_4.o(i.vPortFree) for vPortFree
    event_groups.o(i.vEventGroupDelete) refers to tasks.o(i.xTaskResumeAll) for xTaskResumeAll
    event_groups.o(i.vEventGroupSetBitsCallback) refers to event_groups.o(i.xEventGroupSetBits) for xEventGroupSetBits
    event_groups.o(i.xEventGroupClearBits) refers to _printf_percent.o(.ARM.Collect$$_printf_percent$$00000000) for _printf_percent
    event_groups.o(i.xEventGroupClearBits) refers to _printf_d.o(.ARM.Collect$$_printf_percent$$00000009) for _printf_d
    event_groups.o(i.xEventGroupClearBits) refers to _printf_s.o(.ARM.Collect$$_printf_percent$$00000014) for _printf_s
    event_groups.o(i.xEventGroupClearBits) refers to _printf_dec.o(.text) for _printf_int_dec
    event_groups.o(i.xEventGroupClearBits) refers to _printf_str.o(.text) for _printf_str
    event_groups.o(i.xEventGroupClearBits) refers to noretval__2printf.o(.text) for __2printf
    event_groups.o(i.xEventGroupClearBits) refers to port.o(i.vPortEnterCritical) for vPortEnterCritical
    event_groups.o(i.xEventGroupClearBits) refers to port.o(i.vPortExitCritical) for vPortExitCritical
    event_groups.o(i.xEventGroupCreate) refers to heap_4.o(i.pvPortMalloc) for pvPortMalloc
    event_groups.o(i.xEventGroupCreate) refers to list.o(i.vListInitialise) for vListInitialise
    event_groups.o(i.xEventGroupSetBits) refers to _printf_percent.o(.ARM.Collect$$_printf_percent$$00000000) for _printf_percent
    event_groups.o(i.xEventGroupSetBits) refers to _printf_d.o(.ARM.Collect$$_printf_percent$$00000009) for _printf_d
[...]
    .ARM.Collect$$libinit$$0000000E          0x08000172   Section        0  libinit2.o(.ARM.Collect$$libinit$$0000000E)
    .ARM.Collect$$libinit$$00000011          0x08000172   Section        0  libinit2.o(.ARM.Collect$$libinit$$00000011)
    .ARM.Collect$$libinit$$00000013          0x08000172   Section        0  libinit2.o(.ARM.Collect$$libinit$$00000013)
    .ARM.Collect$$libinit$$00000015          0x08000172   Section        0  libinit2.o(.ARM.Collect$$libinit$$00000015)
    .ARM.Collect$$libinit$$00000017          0x08000172   Section        0  libinit2.o(.ARM.Collect$$libinit$$00000017)
    .ARM.Collect$$libinit$$00000019          0x08000172   Section        0  libinit2.o(.ARM.Collect$$libinit$$00000019)
    .ARM.Collect$$libinit$$0000001B          0x08000172   Section        0  libinit2.o(.ARM.Collect$$libinit$$0000001B)
    .ARM.Collect$$libinit$$0000001D          0x08000172   Section        0  libinit2.o(.ARM.Collect$$libinit$$0000001D)
    .ARM.Collect$$libinit$$0000001F          0x08000172   Section        0  libinit2.o(.ARM.Collect$$libinit$$0000001F)
    .ARM.Collect$$libinit$$00000021          0x08000172   Section        0  libinit2.o(.ARM.Collect$$libinit$$00000021)
    .ARM.Collect$$libinit$$00000023          0x08000172   Section        0  libinit2.o(.ARM.Collect$$libinit$$00000023)
    .ARM.Collect$$libinit$$00000025          0x08000172   Section        0  libinit2.o(.ARM.Collect$$libinit$$00000025)
    .ARM.Collect$$libinit$$0000002C          0x08000172   Section        0  libinit2.o(.ARM.Collect$$libinit$$0000002C)
    .ARM.Collect$$libinit$$0000002E          0x08000172   Section        0  libinit2.o(.ARM.Collect$$libinit$$0000002E)
    .ARM.Collect$$libinit$$00000030          0x08000172   Section        0  libinit2.o(.ARM.Collect$$libinit$$00000030)
    .ARM.Collect$$libinit$$00000032          0x08000172   Section        0  libinit2.o(.ARM.Collect$$libinit$$00000032)
    .ARM.Collect$$libinit$$00000033          0x08000172   Section        2  libinit2.o(.ARM.Collect$$libinit$$00000033)
    .ARM.Collect$$libshutdown$$00000000      0x08000174   Section        2  libshutdown.o(.ARM.Collect$$libshutdown$$00000000)
    .ARM.Collect$$libshutdown$$00000003      0x08000176   Section        0  libshutdown2.o(.ARM.Collect$$libshutdown$$00000003)
    .ARM.Collect$$libshutdown$$00000006      0x08000176   Section        0  libshutdown2.o(.ARM.Collect$$libshutdown$$00000006)
    .ARM.Collect$$libshutdown$$00000009      0x08000176   Section        0  libshutdown2.o(.ARM.Collect$$libshutdown$$00000009)
    .ARM.Collect$$libshutdown$$0000000B      0x08000176   Section        0  libshutdown2.o(.ARM.Collect$$libshutdown$$0000000B)
    .ARM.Collect$$libshutdown$$0000000E      0x08000176   Section        0  libshutdown2.o(.ARM.Collect$$libshutdown$$0000000E)
    .ARM.Collect$$libshutdown$$0000000F      0x08000176   Section        2  libshutdown2.o(.ARM.Collect$$libshutdown$$0000000F)
    .ARM.Collect$$rtentry$$00000000          0x08000178   Section        0  __rtentry.o(.ARM.Collect$$rtentry$$00000000)
    .ARM.Collect$$rtentry$$00000002          0x08000178   Section        0  __rtentry2.o(.ARM.Collect$$rtentry$$00000002)
    .ARM.Collect$$rtentry$$00000004          0x08000178   Section        6  __rtentry4.o(.ARM.Collect$$rtentry$$00000004)
    .ARM.Collect$$rtentry$$00000009          0x0800017e   Section        0  __rtentry2.o(.ARM.Collect$$rtentry$$00000009)
    .ARM.Collect$$rtentry$$0000000A          0x0800017e   Section        4  __rtentry2.o(.ARM.Collect$$rtentry$$0000000A)
    .ARM.Collect$$rtentry$$0000000C          0x08000182   Section        0  __rtentry2.o(.ARM.Collect$$rtentry$$0000000C)
    .ARM.Collect$$rtentry$$0000000D          0x08000182   Section        8  __rtentry2.o(.ARM.Collect$$rtentry$$0000000D)
    .ARM.Collect$$rtexit$$00000000           0x0800018a   Section        2  rtexit.o(.ARM.Collect$$rtexit$$00000000)
    .ARM.Collect$$rtexit$$00000002           0x0800018c   Section        0  rtexit2.o(.ARM.Collect$$rtexit$$00000002)
    .ARM.Collect$$rtexit$$00000003           0x0800018c   Section        4  rtexit2.o(.ARM.Collect$$rtexit$$00000003)
    .ARM.Collect$$rtexit$$00000004           0x08000190   Section        6  rtexit2.o(.ARM.Collect$$rtexit$$00000004)
    .emb_text                                0x08000198   Section      150  port.o(.emb_text)
    .text                                    0x08000230   Section       64  startup_stm32f10x_md.o(.text)
    .text                                    0x08000270   Section        2  use_no_semi_2.o(.text)
    .text                                    0x08000274   Section        0  noretval__2printf.o(.text)
    .text                                    0x0800028c   Section        0  __printf.o(.text)
    .text                                    0x080002f4   Section        0  _printf_str.o(.text)
    .text                                    0x08000348   Section        0  _printf_dec.o(.text)
    .text                                    0x080003c0   Section      100  rt_memcpy_w.o(.text)
    .text                                    0x08000424   Section       16  aeabi_memset.o(.text)
    .text                                    0x08000434   Section       68  rt_memclr.o(.text)
    .text                                    0x08000478   Section        0  heapauxi.o(.text)
    .text                                    0x0800047e   Section        2  use_no_semi.o(.text)
    .text                                    0x08000480   Section        0  _printf_intcommon.o(.text)
    .text                                    0x08000534   Section        0  _printf_char_common.o(.text)
    _printf_input_char                       0x08000535   Thumb Code    10  _printf_char_common.o(.text)
    .text                                    0x08000564   Section        0  _printf_char.o(.text)
    .text                                    0x08000590   Section        0  _printf_char_file.o(.text)
    .text                                    0x080005b4   Section       78  rt_memclr_w.o(.text)
    .text                                    0x08000602   Section        0  ferror.o(.text)
    .text                                    0x0800060a   Section       74  sys_stackheap_outer.o(.text)
    .text                                    0x08000654   Section        0  exit.o(.text)
    .text                                    0x08000660   Section        8  libspace.o(.text)
    i.ADC_Cmd                                0x08000668   Section        0  stm32f10x_adc.o(i.ADC_Cmd)
    i.ADC_DMACmd                             0x0800067e   Section        0  stm32f10x_adc.o(i.ADC_DMACmd)
    i.ADC_DeInit                             0x08000694   Section        0  stm32f10x_adc.o(i.ADC_DeInit)
    i.ADC_GetCalibrationStatus               0x080006f0   Section        0  stm32f10x_adc.o(i.ADC_GetCalibrationStatus)
    i.ADC_GetResetCalibrationStatus          0x08000704   Section        0  stm32f10x_adc.o(i.ADC_GetResetCalibrationStatus)
    i.ADC_Init                               0x08000718   Section        0  stm32f10x_adc.o(i.ADC_Init)
    i.ADC_RegularChannelConfig               0x08000768   Section        0  stm32f10x_adc.o(i.ADC_RegularChannelConfig)
    i.ADC_ResetCalibration                   0x08000820   Section        0  stm32f10x_adc.o(i.ADC_ResetCalibration)
    i.ADC_SoftwareStartConvCmd               0x0800082a   Section        0  stm32f10x_adc.o(i.ADC_SoftwareStartConvCmd)
    i.ADC_StartCalibration                   0x08000840   Section        0  stm32f10x_adc.o(i.ADC_StartCalibration)
    i.Auto_UI                                0x0800084c   Section        0  main.o(i.Auto_UI)
    Auto_UI                                  0x0800084d   Thumb Code    18  main.o(i.Auto_UI)
    i.BusFault_Handler                       0x0800086c   Section        0  stm32f10x_it.o(i.BusFault_Handler)
    i.DMA_Cmd                                0x08000870   Section        0  stm32f10x_dma.o(i.DMA_Cmd)
    i.DMA_DeInit                             0x08000888   Section        0  stm32f10x_dma.o(i.DMA_DeInit)
    i.DMA_Init                               0x080009d4   Section        0  stm32f10x_dma.o(i.DMA_Init)
    i.DebugMon_Handler                       0x08000a10   Section        0  stm32f10x_it.o(i.DebugMon_Handler)
    i.ESP_UI                                 0x08000a14   Section        0  main.o(i.ESP_UI)
    ESP_UI                                   0x08000a15   Thumb Code    18  main.o(i.ESP_UI)
    i.GET_AverageAdcValue                    0x08000a38   Section        0  joy_stick.o(i.GET_AverageAdcValue)
    GET_AverageAdcValue                      0x08000a39   Thumb Code   148  joy_stick.o(i.GET_AverageAdcValue)
    i.GPIO_Init                              0x08000ad4   Section        0  stm32f10x_gpio.o(i.GPIO_Init)
    i.GPIO_ReadInputDataBit                  0x08000bea   Section        0  stm32f10x_gpio.o(i.GPIO_ReadInputDataBit)
    i.GPIO_ResetBits                         0x08000bfc   Section        0  stm32f10x_gpio.o(i.GPIO_ResetBits)
    i.GPIO_SetBits                           0x08000c00   Section        0  stm32f10x_gpio.o(i.GPIO_SetBits)
    i.HardFault_Handler                      0x08000c04   Section        0  stm32f10x_it.o(i.HardFault_Handler)
    i.I2C_CheckEvent                         0x08000c08   Section        0  stm32f10x_i2c.o(i.I2C_CheckEvent)
    i.I2C_Cmd                                0x08000c32   Section        0  stm32f10x_i2c.o(i.I2C_Cmd)
    i.I2C_Configuration                      0x08000c4c   Section        0  i2c.o(i.I2C_Configuration)
    i.I2C_GPIO_Init                          0x08000c94   Section        0  i2c.o(i.I2C_GPIO_Init)
    I2C_GPIO_Init                            0x08000c95   Thumb Code    46  i2c.o(i.I2C_GPIO_Init)
    i.I2C_GenerateSTART                      0x08000cc8   Section        0  stm32f10x_i2c.o(i.I2C_GenerateSTART)
    i.I2C_GenerateSTOP                       0x08000ce0   Section        0  stm32f10x_i2c.o(i.I2C_GenerateSTOP)
    i.I2C_Init                               0x08000cf8   Section        0  stm32f10x_i2c.o(i.I2C_Init)
    i.I2C_Send7bitAddress                    0x08000de4   Section        0  stm32f10x_i2c.o(i.I2C_Send7bitAddress)
    i.I2C_SendData                           0x08000df6   Section        0  stm32f10x_i2c.o(i.I2C_SendData)
    i.JOY_STICK_Init                         0x08000dfc   Section        0  joy_stick.o(i.JOY_STICK_Init)
    i.LED_Init                               0x08000e4c   Section        0  led.o(i.LED_Init)
    i.MainUI                                 0x08000e84   Section        0  main.o(i.MainUI)
    MainUI                                   0x08000e85   Thumb Code    64  main.o(i.MainUI)
    i.MemManage_Handler                      0x08000ef4   Section        0  stm32f10x_it.o(i.MemManage_Handler)
    i.Motion_Judge                           0x08000ef8   Section        0  joy_stick.o(i.Motion_Judge)
    i.NMI_Handler                            0x08000f54   Section        0  stm32f10x_it.o(i.NMI_Handler)
    i.NRF24L01_Init                          0x08000f58   Section        0  24l01.o(i.NRF24L01_Init)
    i.NRF24L01_Read_Reg                      0x08001014   Section        0  24l01.o(i.NRF24L01_Read_Reg)
    NRF24L01_Read_Reg                        0x08001015   Thumb Code    36  24l01.o(i.NRF24L01_Read_Reg)
    i.NRF24L01_TX_Mode                       0x08001040   Section        0  24l01.o(i.NRF24L01_TX_Mode)
    i.NRF24L01_TxPacket                      0x080010a8   Section        0  24l01.o(i.NRF24L01_TxPacket)
    i.NRF24L01_Write_Buf                     0x08001110   Section        0  24l01.o(i.NRF24L01_Write_Buf)
    NRF24L01_Write_Buf                       0x08001111   Thumb Code    56  24l01.o(i.NRF24L01_Write_Buf)
    i.NRF24L01_Write_Reg                     0x0800114c   Section        0  24l01.o(i.NRF24L01_Write_Reg)
    NRF24L01_Write_Reg                       0x0800114d   Thumb Code    38  24l01.o(i.NRF24L01_Write_Reg)
    i.NRF_UI                                 0x0800117c   Section        0  main.o(i.NRF_UI)
    NRF_UI                                   0x0800117d   Thumb Code    28  main.o(i.NRF_UI)
    i.NVIC_Configuration                     0x080011b8   Section        0  sys.o(i.NVIC_Configuration)
    i.NVIC_Init                              0x080011c4   Section        0  misc.o(i.NVIC_Init)
    i.NVIC_PriorityGroupConfig               0x08001234   Section        0  misc.o(i.NVIC_PriorityGroupConfig)
    i.OLED_Clear                             0x08001248   Section        0  oled096.o(i.OLED_Clear)
    i.OLED_Display_Off                       0x08001254   Section        0  oled096.o(i.OLED_Display_Off)
    i.OLED_Display_On                        0x08001270   Section        0  oled096.o(i.OLED_Display_On)
    i.OLED_FillAll                           0x080012ac   Section        0  oled096.o(i.OLED_FillAll)
    i.OLED_Init                              0x080012e0   Section        0  oled096.o(i.OLED_Init)
    i.OLED_ShowArrow                         0x080012f4   Section        0  oled096.o(i.OLED_ShowArrow)
    i.OLED_ShowChar                          0x08001368   Section        0  oled096.o(i.OLED_ShowChar)
    i.OLED_ShowCircle                        0x080013d0   Section        0  oled096.o(i.OLED_ShowCircle)
    i.OLED_ShowNum                           0x08001444   Section        0  oled096.o(i.OLED_ShowNum)
    i.OLED_ShowStr                           0x080014b4   Section        0  oled096.o(i.OLED_ShowStr)
    i.OLED_StartPoint                        0x080014e2   Section        0  oled096.o(i.OLED_StartPoint)
    OLED_StartPoint                          0x080014e3   Thumb Code    48  oled096.o(i.OLED_StartPoint)
    i.RCC_ADCCLKConfig                       0x08001514   Section        0  stm32f10x_rcc.o(i.RCC_ADCCLKConfig)
    i.RCC_AHBPeriphClockCmd                  0x0800152c   Section        0  stm32f10x_rcc.o(i.RCC_AHBPeriphClockCmd)
    i.RCC_APB1PeriphClockCmd                 0x0800154c   Section        0  stm32f10x_rcc.o(i.RCC_APB1PeriphClockCmd)
    i.RCC_APB1PeriphResetCmd                 0x0800156c   Section        0  stm32f10x_rcc.o(i.RCC_APB1PeriphResetCmd)
    i.RCC_APB2PeriphClockCmd                 0x0800158c   Section        0  stm32f10x_rcc.o(i.RCC_APB2PeriphClockCmd)
    i.RCC_APB2PeriphResetCmd                 0x080015ac   Section        0  stm32f10x_rcc.o(i.RCC_APB2PeriphResetCmd)
    i.RCC_GetClocksFreq                      0x080015cc   Section        0  stm32f10x_rcc.o(i.RCC_GetClocksFreq)
    i.SPI2_Init                              0x080016a0   Section        0  spi.o(i.SPI2_Init)
    i.SPI2_RWByte                            0x08001734   Section        0  spi.o(i.SPI2_RWByte)
    i.SPI2_SetSpeed                          0x08001784   Section        0  spi.o(i.SPI2_SetSpeed)
    i.SPI_Cmd                                0x080017ac   Section        0  stm32f10x_spi.o(i.SPI_Cmd)
    i.SPI_I2S_GetFlagStatus                  0x080017c4   Section        0  stm32f10x_spi.o(i.SPI_I2S_GetFlagStatus)
    i.SPI_I2S_ReceiveData                    0x080017d6   Section        0  stm32f10x_spi.o(i.SPI_I2S_ReceiveData)
    i.SPI_I2S_SendData                       0x080017dc   Section        0  stm32f10x_spi.o(i.SPI_I2S_SendData)
    i.SPI_Init                               0x080017e0   Section        0  stm32f10x_spi.o(i.SPI_Init)
    i.STICK_ADC1_Init                        0x0800181c   Section        0  joy_stick.o(i.STICK_ADC1_Init)
    STICK_ADC1_Init                          0x0800181d   Thumb Code   100  joy_stick.o(i.STICK_ADC1_Init)
    i.STICK_DMA_Init                         0x08001884   Section        0  joy_stick.o(i.STICK_DMA_Init)
    STICK_DMA_Init                           0x08001885   Thumb Code    74  joy_stick.o(i.STICK_DMA_Init)
    i.STICK_GPIO_Init                        0x080018dc   Section        0  joy_stick.o(i.STICK_GPIO_Init)
    STICK_GPIO_Init                          0x080018dd   Thumb Code   112  joy_stick.o(i.STICK_GPIO_Init)
    i.STICK_KEY_Status                       0x08001954   Section        0  joy_stick.o(i.STICK_KEY_Status)
    i.SetSysClock                            0x080019d4   Section        0  system_stm32f10x.o(i.SetSysClock)
    SetSysClock                              0x080019d5   Thumb Code     8  system_stm32f10x.o(i.SetSysClock)
    i.SetSysClockTo72                        0x080019dc   Section        0  system_stm32f10x.o(i.SetSysClockTo72)
    SetSysClockTo72                          0x080019dd   Thumb Code   214  system_stm32f10x.o(i.SetSysClockTo72)
    i.SysTick_CLKSourceConfig                0x08001abc   Section        0  misc.o(i.SysTick_CLKSourceConfig)
    i.SysTick_Handler                        0x08001ae4   Section        0  delay.o(i.SysTick_Handler)
    i.SystemInit                             0x08001af4   Section        0  system_stm32f10x.o(i.SystemInit)
    i.USART1_IRQHandler                      0x08001b54   Section        0  usart.o(i.USART1_IRQHandler)
    i.USART1_Init                            0x08001bdc   Section        0  usart.o(i.USART1_Init)
    i.USART_Cmd                              0x08001c84   Section        0  stm32f10x_usart.o(i.USART_Cmd)
    i.USART_DeInit                           0x08001c9c   Section        0  stm32f10x_usart.o(i.USART_DeInit)
    i.USART_GetITStatus                      0x08001d38   Section        0  stm32f10x_usart.o(i.USART_GetITStatus)
    i.USART_ITConfig                         0x08001d8c   Section        0  stm32f10x_usart.o(i.USART_ITConfig)
    i.USART_Init                             0x08001dd8   Section        0  stm32f10x_usart.o(i.USART_Init)
    i.USART_ReceiveData                      0x08001eb0   Section        0  stm32f10x_usart.o(i.USART_ReceiveData)
    i.UsageFault_Handler                     0x08001eba   Section        0  stm32f10x_it.o(i.UsageFault_Handler)
    i.WriteMem                               0x08001ec0   Section        0  oled096.o(i.WriteMem)
    WriteMem                                 0x08001ec1   Thumb Code   112  oled096.o(i.WriteMem)
    i.WriteMem_Buffer                        0x08001f3c   Section        0  oled096.o(i.WriteMem_Buffer)
    WriteMem_Buffer                          0x08001f3d   Thumb Code   132  oled096.o(i.WriteMem_Buffer)
    i._sys_exit                              0x08001fcc   Section        0  usart.o(i._sys_exit)
    i.auto_mode_task                         0x08001fd0   Section        0  main.o(i.auto_mode_task)
    i.delay_init                             0x0800203c   Section        0  delay.o(i.delay_init)
    i.delay_ms                               0x08002098   Section        0  delay.o(i.delay_ms)
    i.delay_us                               0x080020dc   Section        0  delay.o(i.delay_us)
    i.delay_xms                              0x08002124   Section        0  delay.o(i.delay_xms)
    i.esp_mode_task                          0x0800213c   Section        0  main.o(i.esp_mode_task)
    i.fputc                                  0x080021a8   Section        0  usart.o(i.fputc)
    i.key_process_task                       0x080021c4   Section        0  main.o(i.key_process_task)
    i.led_toggle_task                        0x080022d0   Section        0  main.o(i.led_toggle_task)
    i.main                                   0x080022f0   Section        0  main.o(i.main)
    i.main_process_task                      0x0800234c   Section        0  main.o(i.main_process_task)
    i.mypow                                  0x08002434   Section        0  oled096.o(i.mypow)
    mypow                                    0x08002435   Thumb Code    22  oled096.o(i.mypow)
    i.nrf_mode_task                          0x0800244c   Section        0  main.o(i.nrf_mode_task)
    i.prvAddCurrentTaskToDelayedList         0x080024dc   Section        0  tasks.o(i.prvAddCurrentTaskToDelayedList)
    prvAddCurrentTaskToDelayedList           0x080024dd   Thumb Code   124  tasks.o(i.prvAddCurrentTaskToDelayedList)
    i.prvAddNewTaskToReadyList               0x08002574   Section        0  tasks.o(i.prvAddNewTaskToReadyList)
    prvAddNewTaskToReadyList                 0x08002575   Thumb Code   156  tasks.o(i.prvAddNewTaskToReadyList)
    i.prvCheckTasksWaitingTermination        0x0800262c   Section        0  tasks.o(i.prvCheckTasksWaitingTermination)
    prvCheckTasksWaitingTermination          0x0800262d   Thumb Code    86  tasks.o(i.prvCheckTasksWaitingTermination)
    i.prvDeleteTCB                           0x08002690   Section        0  tasks.o(i.prvDeleteTCB)
    prvDeleteTCB                             0x08002691   Thumb Code    18  tasks.o(i.prvDeleteTCB)
    i.prvHeapInit                            0x080026a4   Section        0  heap_4.o(i.prvHeapInit)
    prvHeapInit                              0x080026a5   Thumb Code    98  heap_4.o(i.prvHeapInit)
    i.prvIdleTask                            0x08002720   Section        0  tasks.o(i.prvIdleTask)
    prvIdleTask                              0x08002721   Thumb Code    32  tasks.o(i.prvIdleTask)
    i.prvInitialiseNewTask                   0x08002748   Section        0  tasks.o(i.prvInitialiseNewTask)
    prvInitialiseNewTask                     0x08002749   Thumb Code   170  tasks.o(i.prvInitialiseNewTask)
    i.prvInitialiseTaskLists                 0x08002818   Section        0  tasks.o(i.prvInitialiseTaskLists)
    prvInitialiseTaskLists                   0x08002819   Thumb Code    70  tasks.o(i.prvInitialiseTaskLists)
    i.prvInsertBlockIntoFreeList             0x08002880   Section        0  heap_4.o(i.prvInsertBlockIntoFreeList)
    prvInsertBlockIntoFreeList               0x08002881   Thumb Code    96  heap_4.o(i.prvInsertBlockIntoFreeList)
    i.prvResetNextTaskUnblockTime            0x080028e8   Section        0  tasks.o(i.prvResetNextTaskUnblockTime)
    prvResetNextTaskUnblockTime              0x080028e9   Thumb Code    42  tasks.o(i.prvResetNextTaskUnblockTime)
    i.prvTaskExitError                       0x0800291c   Section        0  port.o(i.prvTaskExitError)
    prvTaskExitError                         0x0800291d   Thumb Code    48  port.o(i.prvTaskExitError)
    i.prvTaskIsTaskSuspended                 0x08002988   Section        0  tasks.o(i.prvTaskIsTaskSuspended)
    prvTaskIsTaskSuspended                   0x08002989   Thumb Code    72  tasks.o(i.prvTaskIsTaskSuspended)
    i.pvPortMalloc                           0x080029fc   Section        0  heap_4.o(i.pvPortMalloc)
    i.pxPortInitialiseStack                  0x08002b4c   Section        0  port.o(i.pxPortInitialiseStack)
    i.send_task                              0x08002b70   Section        0  main.o(i.send_task)
    i.start_task                             0x08002bb0   Section        0  main.o(i.start_task)
    i.ulTaskNotifyTake                       0x08002d28   Section        0  tasks.o(i.ulTaskNotifyTake)
    i.uxListRemove                           0x08002d9c   Section        0  list.o(i.uxListRemove)
    i.vListInitialise                        0x08002dc4   Section        0  list.o(i.vListInitialise)
    i.vListInitialiseItem                    0x08002dde   Section        0  list.o(i.vListInitialiseItem)
    i.vListInsert                            0x08002de4   Section        0  list.o(i.vListInsert)
    i.vListInsertEnd                         0x08002e18   Section        0  list.o(i.vListInsertEnd)
    i.vPortEnterCritical                     0x08002e30   Section        0  port.o(i.vPortEnterCritical)
    i.vPortExitCritical                      0x08002eb4   Section        0  port.o(i.vPortExitCritical)
    i.vPortFree                              0x08002f20   Section        0  heap_4.o(i.vPortFree)
    i.vPortSetupTimerInterrupt               0x08002fd4   Section        0  port.o(i.vPortSetupTimerInterrupt)
    i.vTaskDelay                             0x08002ff0   Section        0  tasks.o(i.vTaskDelay)
    i.vTaskDelete                            0x08003064   Section        0  tasks.o(i.vTaskDelete)
    i.vTaskResume                            0x08003170   Section        0  tasks.o(i.vTaskResume)
    i.vTaskStartScheduler                    0x0800321c   Section        0  tasks.o(i.vTaskStartScheduler)
    i.vTaskSuspend                           0x080032c0   Section        0  tasks.o(i.vTaskSuspend)
    i.vTaskSuspendAll                        0x080033c0   Section        0  tasks.o(i.vTaskSuspendAll)
    i.vTaskSwitchContext                     0x080033d0   Section        0  tasks.o(i.vTaskSwitchContext)
    i.xPortStartScheduler                    0x08003478   Section        0  port.o(i.xPortStartScheduler)
    i.xPortSysTickHandler                    0x08003518   Section        0  port.o(i.xPortSysTickHandler)
    i.xTaskCreate                            0x0800354c   Section        0  tasks.o(i.xTaskCreate)
    i.xTaskGenericNotify                     0x080035ac   Section        0  tasks.o(i.xTaskGenericNotify)
    i.xTaskGetSchedulerState                 0x080036c0   Section        0  tasks.o(i.xTaskGetSchedulerState)
    i.xTaskIncrementTick                     0x080036e0   Section        0  tasks.o(i.xTaskIncrementTick)
    i.xTaskNotifyWait                        0x08003840   Section        0  tasks.o(i.xTaskNotifyWait)
    i.xTaskResumeAll                         0x080038e0   Section        0  tasks.o(i.xTaskResumeAll)
    .constdata                               0x08003a00   Section       10  24l01.o(.constdata)
    .constdata                               0x08003a0a   Section     1568  oled096.o(.constdata)
    .data                                    0x20000000   Section       20  system_stm32f10x.o(.data)
    .data                                    0x20000014   Section       60  tasks.o(.data)
    pxDelayedTaskList                        0x20000018   Data           4  tasks.o(.data)
    pxOverflowDelayedTaskList                0x2000001c   Data           4  tasks.o(.data)
    uxDeletedTasksWaitingCleanUp             0x20000020   Data           4  tasks.o(.data)
    uxCurrentNumberOfTasks                   0x20000024   Data           4  tasks.o(.data)
    xTickCount                               0x20000028   Data           4  tasks.o(.data)
    uxTopReadyPriority                       0x2000002c   Data           4  tasks.o(.data)
    xSchedulerRunning                        0x20000030   Data           4  tasks.o(.data)
    uxPendedTicks                            0x20000034   Data           4  tasks.o(.data)
    xYieldPending                            0x20000038   Data           4  tasks.o(.data)
    xNumOfOverflows                          0x2000003c   Data           4  tasks.o(.data)
    uxTaskNumber                             0x20000040   Data           4  tasks.o(.data)
    xNextTaskUnblockTime                     0x20000044   Data           4  tasks.o(.data)
    xIdleTaskHandle                          0x20000048   Data           4  tasks.o(.data)
    uxSchedulerSuspended                     0x2000004c   Data           4  tasks.o(.data)
    .data                                    0x20000050   Section       12  port.o(.data)
    uxCriticalNesting                        0x20000050   Data           4  port.o(.data)
    ucMaxSysCallPriority                     0x20000054   Data           1  port.o(.data)
    ulMaxPRIGROUPValue                       0x20000058   Data           4  port.o(.data)
    .data                                    0x2000005c   Section       24  heap_4.o(.data)
    xStart                                   0x2000005c   Data           8  heap_4.o(.data)
    pxEnd                                    0x20000064   Data           4  heap_4.o(.data)
    xFreeBytesRemaining                      0x20000068   Data           4  heap_4.o(.data)
    xMinimumEverFreeBytesRemaining           0x2000006c   Data           4  heap_4.o(.data)
    xBlockAllocatedBit                       0x20000070   Data           4  heap_4.o(.data)
    .data                                    0x20000074   Section       20  stm32f10x_rcc.o(.data)
    APBAHBPrescTable                         0x20000074   Data          16  stm32f10x_rcc.o(.data)
    ADCPrescTable                            0x20000084   Data           4  stm32f10x_rcc.o(.data)
    .data                                    0x20000088   Section        4  delay.o(.data)
    fac_us                                   0x20000088   Data           1  delay.o(.data)
    fac_ms                                   0x2000008a   Data           2  delay.o(.data)
    .data                                    0x2000008c   Section        6  usart.o(.data)
    .data                                    0x20000092   Section       17  joy_stick.o(.data)
    KEY_UP_FLAG                              0x200000a2   Data           1  joy_stick.o(.data)
    .data                                    0x200000a4   Section       36  main.o(.data)
    CtrlMode                                 0x200000c4   Data           1  main.o(.data)
    .bss                                     0x200000c8   Section      740  tasks.o(.bss)
    pxReadyTasksLists                        0x200000c8   Data         640  tasks.o(.bss)
    xDelayedTaskList1                        0x20000348   Data          20  tasks.o(.bss)
    xDelayedTaskList2                        0x2000035c   Data          20  tasks.o(.bss)
    xPendingReadyList                        0x20000370   Data          20  tasks.o(.bss)
    xTasksWaitingTermination                 0x20000384   Data          20  tasks.o(.bss)
    xSuspendedTaskList                       0x20000398   Data          20  tasks.o(.bss)
    .bss                                     0x200003ac   Section    10240  heap_4.o(.bss)
    ucHeap                                   0x200003ac   Data       10240  heap_4.o(.bss)
    .bss                                     0x20002bac   Section      200  usart.o(.bss)
    .bss                                     0x20002c74   Section       96  libspace.o(.bss)
    HEAP                                     0x20002cd8   Section      512  startup_stm32f10x_md.o(HEAP)
    Heap_Mem                                 0x20002cd8   Data         512  startup_stm32f10x_md.o(HEAP)
    STACK                                    0x20002ed8   Section     1024  startup_stm32f10x_md.o(STACK)
    Stack_Mem                                0x20002ed8   Data        1024  startup_stm32f10x_md.o(STACK)
    __initial_sp                             0x200032d8   Data           0  startup_stm32f10x_md.o(STACK)

    Global Symbols

    Symbol Name                              Value     Ov Type        Size  Object(Section)

    BuildAttributes$$THM_ISAv4$P$D$K$B$S$PE$A:L22UL41UL21$X:L11$S22US41US21$IEEE1$IW$USESV6$~STKCKD$USESV7$~SHL$OSPACE$ROPI$EBA8$UX$STANDARDLIB$REQ8$PRES8$EABIv2 0x00000000   Number         0  anon$$obj.o ABSOLUTE
    __ARM_use_no_argv                        0x00000000   Number         0  main.o ABSOLUTE
    __ARM_exceptions_init                     - Undefined Weak Reference
    __alloca_initialize                       - Undefined Weak Reference
    __arm_preinit_                            - Undefined Weak Reference
    __cpp_initialize__aeabi_                  - Undefined Weak Reference
    __cxa_finalize                            - Undefined Weak Reference
    __rt_locale                               - Undefined Weak Reference
    __sigvec_lookup                           - Undefined Weak Reference
    _atexit_init                              - Undefined Weak Reference
    _call_atexit_fns                          - Undefined Weak Reference
    _clock_init                               - Undefined Weak Reference
    _fp_trap_init                             - Undefined Weak Reference
    _fp_trap_shutdown                         - Undefined Weak Reference
    _get_lc_collate                           - Undefined Weak Reference
    _get_lc_ctype                             - Undefined Weak Reference
    _get_lc_monetary                          - Undefined Weak Reference
    _get_lc_numeric                           - Undefined Weak Reference
    _get_lc_time                              - Undefined Weak Reference
    _getenv_init                              - Undefined Weak Reference
    _handle_redirection                       - Undefined Weak Reference
    _init_alloc                               - Undefined Weak Reference
    _init_user_alloc                          - Undefined Weak Reference
    _initio                                   - Undefined Weak Reference
    _mutex_acquire                            - Undefined Weak Reference
    _mutex_release                            - Undefined Weak Reference
    _printf_mbtowc                            - Undefined Weak Reference
    _printf_post_padding                      - Undefined Weak Reference
    _printf_pre_padding                       - Undefined Weak Reference
    _printf_truncate_signed                   - Undefined Weak Reference
    _printf_truncate_unsigned                 - Undefined Weak Reference
    _rand_init                                - Undefined Weak Reference
    _signal_finish                            - Undefined Weak Reference
    _signal_init                              - Undefined Weak Reference
    _terminate_alloc                          - Undefined Weak Reference
    _terminate_user_alloc                     - Undefined Weak Reference
    _terminateio                              - Undefined Weak Reference
    __Vectors_Size                           0x000000ec   Number         0  startup_stm32f10x_md.o ABSOLUTE
    __Vectors                                0x08000000   Data           4  startup_stm32f10x_md.o(RESET)
    __Vectors_End                            0x080000ec   Data           0  startup_stm32f10x_md.o(RESET)
    __main                                   0x080000ed   Thumb Code     8  __main.o(!!!main)
    __scatterload                            0x080000f5   Thumb Code     0  __scatter.o(!!!scatter)
    __scatterload_rt2                        0x080000f5   Thumb Code    44  __scatter.o(!!!scatter)
    __scatterload_rt2_thumb_only             0x080000f5   Thumb Code     0  __scatter.o(!!!scatter)
    __scatterload_null                       0x08000103   Thumb Code     0  __scatter.o(!!!scatter)
    __scatterload_copy                       0x08000129   Thumb Code    26  __scatter_copy.o(!!handler_copy)
    __scatterload_zeroinit                   0x08000145   Thumb Code    28  __scatter_zi.o(!!handler_zi)
    _printf_d                                0x08000161   Thumb Code     0  _printf_d.o(.ARM.Collect$$_printf_percent$$00000009)
    _printf_percent                          0x08000161   Thumb Code     0  _printf_percent.o(.ARM.Collect$$_printf_percent$$00000000)
    _printf_s                                0x08000167   Thumb Code     0  _printf_s.o(.ARM.Collect$$_printf_percent$$00000014)
    _printf_percent_end                      0x0800016d   Thumb Code     0  _printf_percent_end.o(.ARM.Collect$$_printf_percent$$00000017)
    __rt_lib_init                            0x08000171   Thumb Code     0  libinit.o(.ARM.Collect$$libinit$$00000000)
    __rt_lib_init_alloca_1                   0x08000173   Thumb Code     0  libinit2.o(.ARM.Collect$$libinit$$0000002E)
    __rt_lib_init_argv_1                     0x08000173   Thumb Code     0  libinit2.o(.ARM.Collect$$libinit$$0000002C)
    __rt_lib_init_atexit_1                   0x08000173   Thumb Code     0  libinit2.o(.ARM.Collect$$libinit$$0000001B)
    __rt_lib_init_clock_1                    0x08000173   Thumb Code     0  libinit2.o(.ARM.Collect$$libinit$$00000021)
    __rt_lib_init_cpp_1                      0x08000173   Thumb Code     0  libinit2.o(.ARM.Collect$$libinit$$00000032)
    __rt_lib_init_exceptions_1               0x08000173   Thumb Code     0  libinit2.o(.ARM.Collect$$libinit$$00000030)
    __rt_lib_init_fp_1                       0x08000173   Thumb Code     0  libinit2.o(.ARM.Collect$$libinit$$00000002)
    __rt_lib_init_fp_trap_1                  0x08000173   Thumb Code     0  libinit2.o(.ARM.Collect$$libinit$$0000001F)
    __rt_lib_init_getenv_1                   0x08000173   Thumb Code     0  libinit2.o(.ARM.Collect$$libinit$$00000023)
    __rt_lib_init_heap_1                     0x08000173   Thumb Code     0  libinit2.o(.ARM.Collect$$libinit$$0000000A)
    __rt_lib_init_lc_collate_1               0x08000173   Thumb Code     0  libinit2.o(.ARM.Collect$$libinit$$00000011)
    __rt_lib_init_lc_ctype_1                 0x08000173   Thumb Code     0  libinit2.o(.ARM.Collect$$libinit$$00000013)
    __rt_lib_init_lc_monetary_1              0x08000173   Thumb Code     0  libinit2.o(.ARM.Collect$$libinit$$00000015)
    __rt_lib_init_lc_numeric_1               0x08000173   Thumb Code     0  libinit2.o(.ARM.Collect$$libinit$$00000017)
    __rt_lib_init_lc_time_1                  0x08000173   Thumb Code     0  libinit2.o(.ARM.Collect$$libinit$$00000019)
    __rt_lib_init_preinit_1                  0x08000173   Thumb Code     0  libinit2.o(.ARM.Collect$$libinit$$00000004)
    __rt_lib_init_rand_1                     0x08000173   Thumb Code     0  libinit2.o(.ARM.Collect$$libinit$$0000000E)
    __rt_lib_init_return                     0x08000173   Thumb Code     0  libinit2.o(.ARM.Collect$$libinit$$00000033)
    __rt_lib_init_signal_1                   0x08000173   Thumb Code     0  libinit2.o(.ARM.Collect$$libinit$$0000001D)
    __rt_lib_init_stdio_1                    0x08000173   Thumb Code     0  libinit2.o(.ARM.Collect$$libinit$$00000025)
    __rt_lib_init_user_alloc_1               0x08000173   Thumb Code     0  libinit2.o(.ARM.Collect$$libinit$$0000000C)
    __rt_lib_shutdown                        0x08000175   Thumb Code     0  libshutdown.o(.ARM.Collect$$libshutdown$$00000000)
    __rt_lib_shutdown_fp_trap_1              0x08000177   Thumb Code     0  libshutdown2.o(.ARM.Collect$$libshutdown$$00000006)
    __rt_lib_shutdown_heap_1                 0x08000177   Thumb Code     0  libshutdown2.o(.ARM.Collect$$libshutdown$$0000000E)
    __rt_lib_shutdown_return                 0x08000177   Thumb Code     0  libshutdown2.o(.ARM.Collect$$libshutdown$$0000000F)
    __rt_lib_shutdown_signal_1               0x08000177   Thumb Code     0  libshutdown2.o(.ARM.Collect$$libshutdown$$00000009)
    __rt_lib_shutdown_stdio_1                0x08000177   Thumb Code     0  libshutdown2.o(.ARM.Collect$$libshutdown$$00000003)
    __rt_lib_shutdown_user_alloc_1           0x08000177   Thumb Code     0  libshutdown2.o(.ARM.Collect$$libshutdown$$0000000B)
    __rt_entry                               0x08000179   Thumb Code     0  __rtentry.o(.ARM.Collect$$rtentry$$00000000)
    __rt_entry_presh_1                       0x08000179   Thumb Code     0  __rtentry2.o(.ARM.Collect$$rtentry$$00000002)
    __rt_entry_sh                            0x08000179   Thumb Code     0  __rtentry4.o(.ARM.Collect$$rtentry$$00000004)
    __rt_entry_li                            0x0800017f   Thumb Code     0  __rtentry2.o(.ARM.Collect$$rtentry$$0000000A)
    __rt_entry_postsh_1                      0x0800017f   Thumb Code     0  __rtentry2.o(.ARM.Collect$$rtentry$$00000009)
    __rt_entry_main                          0x08000183   Thumb Code     0  __rtentry2.o(.ARM.Collect$$rtentry$$0000000D)
    __rt_entry_postli_1                      0x08000183   Thumb Code     0  __rtentry2.o(.ARM.Collect$$rtentry$$0000000C)
    __rt_exit                                0x0800018b   Thumb Code     0  rtexit.o(.ARM.Collect$$rtexit$$00000000)
    __rt_exit_ls                             0x0800018d   Thumb Code     0  rtexit2.o(.ARM.Collect$$rtexit$$00000003)
    __rt_exit_prels_1                        0x0800018d   Thumb Code     0  rtexit2.o(.ARM.Collect$$rtexit$$00000002)
    __rt_exit_exit                           0x08000191   Thumb Code     0  rtexit2.o(.ARM.Collect$$rtexit$$00000004)
    SVC_Handler                              0x08000199   Thumb Code    32  port.o(.emb_text)
    __asm___6_port_c_39a90d8d__prvStartFirstTask 0x080001bd   Thumb Code    28  port.o(.emb_text)
    PendSV_Handler                           0x080001dd   Thumb Code    72  port.o(.emb_text)
    vPortGetIPSR                             0x08000229   Thumb Code     6  port.o(.emb_text)
    Reset_Handler                            0x08000231   Thumb Code     8  startup_stm32f10x_md.o(.text)
    ADC1_2_IRQHandler                        0x0800024b   Thumb Code     0  startup_stm32f10x_md.o(.text)
    CAN1_RX1_IRQHandler                      0x0800024b   Thumb Code     0  startup_stm32f10x_md.o(.text)
    CAN1_SCE_IRQHandler                      0x0800024b   Thumb Code     0  startup_stm32f10x_md.o(.text)
    DMA1_Channel1_IRQHandler                 0x0800024b   Thumb Code     0  startup_stm32f10x_md.o(.text)
    DMA1_Channel2_IRQHandler                 0x0800024b   Thumb Code     0  startup_stm32f10x_md.o(.text)
    DMA1_Channel3_IRQHandler                 0x0800024b   Thumb Code     0  startup_stm32f10x_md.o(.text)
    DMA1_Channel4_IRQHandler                 0x0800024b   Thumb Code     0  startup_stm32f10x_md.o(.text)
    DMA1_Channel5_IRQHandler                 0x0800024b   Thumb Code     0  startup_stm32f10x_md.o(.text)
    DMA1_Channel6_IRQHandler                 0x0800024b   Thumb Code     0  startup_stm32f10x_md.o(.text)
    DMA1_Channel7_IRQHandler                 0x0800024b   Thumb Code     0  startup_stm32f10x_md.o(.text)
    EXTI0_IRQHandler                         0x0800024b   Thumb Code     0  startup_stm32f10x_md.o(.text)
    EXTI15_10_IRQHandler                     0x0800024b   Thumb Code     0  startup_stm32f10x_md.o(.text)
    EXTI1_IRQHandler                         0x0800024b   Thumb Code     0  startup_stm32f10x_md.o(.text)
    EXTI2_IRQHandler                         0x0800024b   Thumb Code     0  startup_stm32f10x_md.o(.text)
    EXTI3_IRQHandler                         0x0800024b   Thumb Code     0  startup_stm32f10x_md.o(.text)
    EXTI4_IRQHandler                         0x0800024b   Thumb Code     0  startup_stm32f10x_md.o(.text)
    EXTI9_5_IRQHandler                       0x0800024b   Thumb Code     0  startup_stm32f10x_md.o(.text)
    FLASH_IRQHandler                         0x0800024b   Thumb Code     0  startup_stm32f10x_md.o(.text)
    I2C1_ER_IRQHandler                       0x0800024b   Thumb Code     0  startup_stm32f10x_md.o(.text)
    I2C1_EV_IRQHandler                       0x0800024b   Thumb Code     0  startup_stm32f10x_md.o(.text)
    I2C2_ER_IRQHandler                       0x0800024b   Thumb Code     0  startup_stm32f10x_md.o(.text)
    I2C2_EV_IRQHandler                       0x0800024b   Thumb Code     0  startup_stm32f10x_md.o(.text)
    PVD_IRQHandler                           0x0800024b   Thumb Code     0  startup_stm32f10x_md.o(.text)
    RCC_IRQHandler                           0x0800024b   Thumb Code     0  startup_stm32f10x_md.o(.text)
    RTCAlarm_IRQHandler                      0x0800024b   Thumb Code     0  startup_stm32f10x_md.o(.text)
    RTC_IRQHandler                           0x0800024b   Thumb Code     0  startup_stm32f10x_md.o(.text)
    SPI1_IRQHandler                          0x0800024b   Thumb Code     0  startup_stm32f10x_md.o(.text)
    SPI2_IRQHandler                          0x0800024b   Thumb Code     0  startup_stm32f10x_md.o(.text)
    TAMPER_IRQHandler                        0x0800024b   Thumb Code     0  startup_stm32f10x_md.o(.text)
    TIM1_BRK_IRQHandler                      0x0800024b   Thumb Code     0  startup_stm32f10x_md.o(.text)
    TIM1_CC_IRQHandler                       0x0800024b   Thumb Code     0  startup_stm32f10x_md.o(.text)
    TIM1_TRG_COM_IRQHandler                  0x0800024b   Thumb Code     0  startup_stm32f10x_md.o(.text)
    TIM1_UP_IRQHandler                       0x0800024b   Thumb Code     0  startup_stm32f10x_md.o(.text)
    TIM2_IRQHandler                          0x0800024b   Thumb Code     0  startup_stm32f10x_md.o(.text)
    TIM3_IRQHandler                          0x0800024b   Thumb Code     0  startup_stm32f10x_md.o(.text)
    TIM4_IRQHandler                          0x0800024b   Thumb Code     0  startup_stm32f10x_md.o(.text)
    USART2_IRQHandler                        0x0800024b   Thumb Code     0  startup_stm32f10x_md.o(.text)
    USART3_IRQHandler                        0x0800024b   Thumb Code     0  startup_stm32f10x_md.o(.text)
    USBWakeUp_IRQHandler                     0x0800024b   Thumb Code     0  startup_stm32f10x_md.o(.text)
    USB_HP_CAN1_TX_IRQHandler                0x0800024b   Thumb Code     0  startup_stm32f10x_md.o(.text)
    USB_LP_CAN1_RX0_IRQHandler               0x0800024b   Thumb Code     0  startup_stm32f10x_md.o(.text)
    WWDG_IRQHandler                          0x0800024b   Thumb Code     0  startup_stm32f10x_md.o(.text)
    __user_initial_stackheap                 0x0800024d   Thumb Code     0  startup_stm32f10x_md.o(.text)
    __use_no_semihosting                     0x08000271   Thumb Code     2  use_no_semi_2.o(.text)
    __2printf                                0x08000275   Thumb Code    20  noretval__2printf.o(.text)
    __printf                                 0x0800028d   Thumb Code   104  __printf.o(.text)
    _printf_str                              0x080002f5   Thumb Code    82  _printf_str.o(.text)
    _printf_int_dec                          0x08000349   Thumb Code   104  _printf_dec.o(.text)
    __aeabi_memcpy4                          0x080003c1   Thumb Code     0  rt_memcpy_w.o(.text)
    __aeabi_memcpy8                          0x080003c1   Thumb Code     0  rt_memcpy_w.o(.text)
    __rt_memcpy_w                            0x080003c1   Thumb Code   100  rt_memcpy_w.o(.text)
    _memcpy_lastbytes_aligned                0x08000409   Thumb Code     0  rt_memcpy_w.o(.text)
    __aeabi_memset                           0x08000425   Thumb Code    16  aeabi_memset.o(.text)
    __aeabi_memclr                           0x08000435   Thumb Code     0  rt_memclr.o(.text)
    __rt_memclr                              0x08000435   Thumb Code    68  rt_memclr.o(.text)
    _memset                                  0x08000439   Thumb Code     0  rt_memclr.o(.text)
    __use_two_region_memory                  0x08000479   Thumb Code     2  heapauxi.o(.text)
    __rt_heap_escrow$2region                 0x0800047b   Thumb Code     2  heapauxi.o(.text)
    __rt_heap_expand$2region                 0x0800047d   Thumb Code     2  heapauxi.o(.text)
    __I$use$semihosting                      0x0800047f   Thumb Code     0  use_no_semi.o(.text)
    __use_no_semihosting_swi                 0x0800047f   Thumb Code     2  use_no_semi.o(.text)
    _printf_int_common                       0x08000481   Thumb Code   178  _printf_intcommon.o(.text)
    _printf_char_common                      0x0800053f   Thumb Code    32  _printf_char_common.o(.text)
    _printf_cs_common                        0x08000565   Thumb Code    20  _printf_char.o(.text)
    _printf_char                             0x08000579   Thumb Code    16  _printf_char.o(.text)
    _printf_string                           0x08000589   Thumb Code     8  _printf_char.o(.text)
    _printf_char_file                        0x08000591   Thumb Code    32  _printf_char_file.o(.text)
    __aeabi_memclr4                          0x080005b5   Thumb Code     0  rt_memclr_w.o(.text)
    __aeabi_memclr8                          0x080005b5   Thumb Code     0  rt_memclr_w.o(.text)
    __rt_memclr_w                            0x080005b5   Thumb Code    78  rt_memclr_w.o(.text)
    _memset_w                                0x080005b9   Thumb Code     0  rt_memclr_w.o(.text)
    ferror                                   0x08000603   Thumb Code     8  ferror.o(.text)
    __user_setup_stackheap                   0x0800060b   Thumb Code    74  sys_stackheap_outer.o(.text)
    exit                                     0x08000655   Thumb Code    12  exit.o(.text)
    __user_libspace                          0x08000661   Thumb Code     8  libspace.o(.text)
    __user_perproc_libspace                  0x08000661   Thumb Code     0  libspace.o(.text)
    __user_perthread_libspace                0x08000661   Thumb Code     0  libspace.o(.text)
    ADC_Cmd                                  0x08000669   Thumb Code    22  stm32f10x_adc.o(i.ADC_Cmd)
    ADC_DMACmd                               0x0800067f   Thumb Code    22  stm32f10x_adc.o(i.ADC_DMACmd)
    ADC_DeInit                               0x08000695   Thumb Code    78  stm32f10x_adc.o(i.ADC_DeInit)
    ADC_GetCalibrationStatus                 0x080006f1   Thumb Code    20  stm32f10x_adc.o(i.ADC_GetCalibrationStatus)
    ADC_GetResetCalibrationStatus            0x08000705   Thumb Code    20  stm32f10x_adc.o(i.ADC_GetResetCalibrationStatus)
    ADC_Init                                 0x08000719   Thumb Code    70  stm32f10x_adc.o(i.ADC_Init)
    ADC_RegularChannelConfig                 0x08000769   Thumb Code   184  stm32f10x_adc.o(i.ADC_RegularChannelConfig)
    ADC_ResetCalibration                     0x08000821   Thumb Code    10  stm32f10x_adc.o(i.ADC_ResetCalibration)
    ADC_SoftwareStartConvCmd                 0x0800082b   Thumb Code    22  stm32f10x_adc.o(i.ADC_SoftwareStartConvCmd)
    ADC_StartCalibration                     0x08000841   Thumb Code    10  stm32f10x_adc.o(i.ADC_StartCalibration)
    BusFault_Handler                         0x0800086d   Thumb Code     4  stm32f10x_it.o(i.BusFault_Handler)
    DMA_Cmd                                  0x08000871   Thumb Code    24  stm32f10x_dma.o(i.DMA_Cmd)
    DMA_DeInit                               0x08000889   Thumb Code   324  stm32f10x_dma.o(i.DMA_DeInit)
    DMA_Init                                 0x080009d5   Thumb Code    60  stm32f10x_dma.o(i.DMA_Init)
    DebugMon_Handler                         0x08000a11   Thumb Code     2  stm32f10x_it.o(i.DebugMon_Handler)
    GPIO_Init                                0x08000ad5   Thumb Code   278  stm32f10x_gpio.o(i.GPIO_Init)
    GPIO_ReadInputDataBit                    0x08000beb   Thumb Code    18  stm32f10x_gpio.o(i.GPIO_ReadInputDataBit)
    GPIO_ResetBits                           0x08000bfd   Thumb Code     4  stm32f10x_gpio.o(i.GPIO_ResetBits)
    GPIO_SetBits                             0x08000c01   Thumb Code     4  stm32f10x_gpio.o(i.GPIO_SetBits)
    HardFault_Handler                        0x08000c05   Thumb Code     4  stm32f10x_it.o(i.HardFault_Handler)
    I2C_CheckEvent                           0x08000c09   Thumb Code    42  stm32f10x_i2c.o(i.I2C_CheckEvent)
    I2C_Cmd                                  0x08000c33   Thumb Code    24  stm32f10x_i2c.o(i.I2C_Cmd)
    I2C_Configuration                        0x08000c4d   Thumb Code    62  i2c.o(i.I2C_Configuration)
    I2C_GenerateSTART                        0x08000cc9   Thumb Code    24  stm32f10x_i2c.o(i.I2C_GenerateSTART)
    I2C_GenerateSTOP                         0x08000ce1   Thumb Code    24  stm32f10x_i2c.o(i.I2C_GenerateSTOP)
    I2C_Init                                 0x08000cf9   Thumb Code   222  stm32f10x_i2c.o(i.I2C_Init)
    I2C_Send7bitAddress                      0x08000de5   Thumb Code    18  stm32f10x_i2c.o(i.I2C_Send7bitAddress)
    I2C_SendData                             0x08000df7   Thumb Code     4  stm32f10x_i2c.o(i.I2C_SendData)
    JOY_STICK_Init                           0x08000dfd   Thumb Code    76  joy_stick.o(i.JOY_STICK_Init)
    LED_Init                                 0x08000e4d   Thumb Code    50  led.o(i.LED_Init)
    MemManage_Handler                        0x08000ef5   Thumb Code     4  stm32f10x_it.o(i.MemManage_Handler)
    Motion_Judge                             0x08000ef9   Thumb Code    86  joy_stick.o(i.Motion_Judge)
    NMI_Handler                              0x08000f55   Thumb Code     2  stm32f10x_it.o(i.NMI_Handler)
    NRF24L01_Init                            0x08000f59   Thumb Code   172  24l01.o(i.NRF24L01_Init)
    NRF24L01_TX_Mode                         0x08001041   Thumb Code    86  24l01.o(i.NRF24L01_TX_Mode)
    NRF24L01_TxPacket                        0x080010a9   Thumb Code    94  24l01.o(i.NRF24L01_TxPacket)
    NVIC_Configuration                       0x080011b9   Thumb Code    12  sys.o(i.NVIC_Configuration)
    NVIC_Init                                0x080011c5   Thumb Code   100  misc.o(i.NVIC_Init)
    NVIC_PriorityGroupConfig                 0x08001235   Thumb Code    10  misc.o(i.NVIC_PriorityGroupConfig)
    OLED_Clear                               0x08001249   Thumb Code    10  oled096.o(i.OLED_Clear)
    OLED_Display_Off                         0x08001255   Thumb Code    22  oled096.o(i.OLED_Display_Off)
    OLED_Display_On                          0x08001271   Thumb Code    30  oled096.o(i.OLED_Display_On)
    OLED_FillAll                             0x080012ad   Thumb Code    52  oled096.o(i.OLED_FillAll)
    OLED_Init                                0x080012e1   Thumb Code    20  oled096.o(i.OLED_Init)
    OLED_ShowArrow                           0x080012f5   Thumb Code   112  oled096.o(i.OLED_ShowArrow)
    OLED_ShowChar                            0x08001369   Thumb Code    98  oled096.o(i.OLED_ShowChar)
    OLED_ShowCircle                          0x080013d1   Thumb Code   112  oled096.o(i.OLED_ShowCircle)
    OLED_ShowNum                             0x08001445   Thumb Code   112  oled096.o(i.OLED_ShowNum)
    OLED_ShowStr                             0x080014b5   Thumb Code    46  oled096.o(i.OLED_ShowStr)
    RCC_ADCCLKConfig                         0x08001515   Thumb Code    18  stm32f10x_rcc.o(i.RCC_ADCCLKConfig)
    RCC_AHBPeriphClockCmd                    0x0800152d   Thumb Code    26  stm32f10x_rcc.o(i.RCC_AHBPeriphClockCmd)
    RCC_APB1PeriphClockCmd                   0x0800154d   Thumb Code    26  stm32f10x_rcc.o(i.RCC_APB1PeriphClockCmd)
    RCC_APB1PeriphResetCmd                   0x0800156d   Thumb Code    26  stm32f10x_rcc.o(i.RCC_APB1PeriphResetCmd)
    RCC_APB2PeriphClockCmd                   0x0800158d   Thumb Code    26  stm32f10x_rcc.o(i.RCC_APB2PeriphClockCmd)
    RCC_APB2PeriphResetCmd                   0x080015ad   Thumb Code    26  stm32f10x_rcc.o(i.RCC_APB2PeriphResetCmd)
    RCC_GetClocksFreq                        0x080015cd   Thumb Code   192  stm32f10x_rcc.o(i.RCC_GetClocksFreq)
    SPI2_Init                                0x080016a1   Thumb Code   140  spi.o(i.SPI2_Init)
    SPI2_RWByte                              0x08001735   Thumb Code    76  spi.o(i.SPI2_RWByte)
    SPI2_SetSpeed                            0x08001785   Thumb Code    36  spi.o(i.SPI2_SetSpeed)
    SPI_Cmd                                  0x080017ad   Thumb Code    24  stm32f10x_spi.o(i.SPI_Cmd)
    SPI_I2S_GetFlagStatus                    0x080017c5   Thumb Code    18  stm32f10x_spi.o(i.SPI_I2S_GetFlagStatus)
    SPI_I2S_ReceiveData                      0x080017d7   Thumb Code     6  stm32f10x_spi.o(i.SPI_I2S_ReceiveData)
    SPI_I2S_SendData                         0x080017dd   Thumb Code     4  stm32f10x_spi.o(i.SPI_I2S_SendData)
    SPI_Init                                 0x080017e1   Thumb Code    60  stm32f10x_spi.o(i.SPI_Init)
    STICK_KEY_Status                         0x08001955   Thumb Code   116  joy_stick.o(i.STICK_KEY_Status)
    SysTick_CLKSourceConfig                  0x08001abd   Thumb Code    40  misc.o(i.SysTick_CLKSourceConfig)
    SysTick_Handler                          0x08001ae5   Thumb Code    16  delay.o(i.SysTick_Handler)
    SystemInit                               0x08001af5   Thumb Code    78  system_stm32f10x.o(i.SystemInit)
    USART1_IRQHandler                        0x08001b55   Thumb Code   124  usart.o(i.USART1_IRQHandler)
    USART1_Init                              0x08001bdd   Thumb Code   160  usart.o(i.USART1_Init)
    USART_Cmd                                0x08001c85   Thumb Code    24  stm32f10x_usart.o(i.USART_Cmd)
    USART_DeInit                             0x08001c9d   Thumb Code   134  stm32f10x_usart.o(i.USART_DeInit)
    USART_GetITStatus                        0x08001d39   Thumb Code    84  stm32f10x_usart.o(i.USART_GetITStatus)
    USART_ITConfig                           0x08001d8d   Thumb Code    74  stm32f10x_usart.o(i.USART_ITConfig)
    USART_Init                               0x08001dd9   Thumb Code   210  stm32f10x_usart.o(i.USART_Init)
    USART_ReceiveData                        0x08001eb1   Thumb Code    10  stm32f10x_usart.o(i.USART_ReceiveData)
    UsageFault_Handler                       0x08001ebb   Thumb Code     4  stm32f10x_it.o(i.UsageFault_Handler)
    _sys_exit                                0x08001fcd   Thumb Code     4  usart.o(i._sys_exit)
    auto_mode_task                           0x08001fd1   Thumb Code    96  main.o(i.auto_mode_task)
    delay_init                               0x0800203d   Thumb Code    76  delay.o(i.delay_init)
    delay_ms                                 0x08002099   Thumb Code    62  delay.o(i.delay_ms)
    delay_us                                 0x080020dd   Thumb Code    68  delay.o(i.delay_us)
    delay_xms                                0x08002125   Thumb Code    24  delay.o(i.delay_xms)
    esp_mode_task                            0x0800213d   Thumb Code    96  main.o(i.esp_mode_task)
    fputc                                    0x080021a9   Thumb Code    24  usart.o(i.fputc)
    key_process_task                         0x080021c5   Thumb Code   248  main.o(i.key_process_task)
    led_toggle_task                          0x080022d1   Thumb Code    26  main.o(i.led_toggle_task)
    main                                     0x080022f1   Thumb Code    72  main.o(i.main)
    main_process_task                        0x0800234d   Thumb Code   216  main.o(i.main_process_task)
    nrf_mode_task                            0x0800244d   Thumb Code   130  main.o(i.nrf_mode_task)
    pvPortMalloc                             0x080029fd   Thumb Code   262  heap_4.o(i.pvPortMalloc)
    pxPortInitialiseStack                    0x08002b4d   Thumb Code    30  port.o(i.pxPortInitialiseStack)
    send_task                                0x08002b71   Thumb Code    58  main.o(i.send_task)
    start_task                               0x08002bb1   Thumb Code   200  main.o(i.start_task)
    ulTaskNotifyTake                         0x08002d29   Thumb Code   108  tasks.o(i.ulTaskNotifyTake)
    uxListRemove                             0x08002d9d   Thumb Code    40  list.o(i.uxListRemove)
    vListInitialise                          0x08002dc5   Thumb Code    26  list.o(i.vListInitialise)
    vListInitialiseItem                      0x08002ddf   Thumb Code     6  list.o(i.vListInitialiseItem)
    vListInsert                              0x08002de5   Thumb Code    52  list.o(i.vListInsert)
    vListInsertEnd                           0x08002e19   Thumb Code    24  list.o(i.vListInsertEnd)
    vPortEnterCritical                       0x08002e31   Thumb Code    68  port.o(i.vPortEnterCritical)
    vPortExitCritical                        0x08002eb5   Thumb Code    48  port.o(i.vPortExitCritical)
    vPortFree                                0x08002f21   Thumb Code   120  heap_4.o(i.vPortFree)
    vPortSetupTimerInterrupt                 0x08002fd5   Thumb Code    24  port.o(i.vPortSetupTimerInterrupt)
    vTaskDelay                               0x08002ff1   Thumb Code    72  tasks.o(i.vTaskDelay)
    vTaskDelete                              0x08003065   Thumb Code   192  tasks.o(i.vTaskDelete)
    vTaskResume                              0x08003171   Thumb Code   118  tasks.o(i.vTaskResume)
    vTaskStartScheduler                      0x0800321d   Thumb Code    98  tasks.o(i.vTaskStartScheduler)
    vTaskSuspend                             0x080032c1   Thumb Code   186  tasks.o(i.vTaskSuspend)
    vTaskSuspendAll                          0x080033c1   Thumb Code    12  tasks.o(i.vTaskSuspendAll)
    vTaskSwitchContext                       0x080033d1   Thumb Code   110  tasks.o(i.vTaskSwitchContext)
    xPortStartScheduler                      0x08003479   Thumb Code   140  port.o(i.xPortStartScheduler)
    xPortSysTickHandler                      0x08003519   Thumb Code    46  port.o(i.xPortSysTickHandler)
    xTaskCreate                              0x0800354d   Thumb Code    96  tasks.o(i.xTaskCreate)
    xTaskGenericNotify                       0x080035ad   Thumb Code   222  tasks.o(i.xTaskGenericNotify)
    xTaskGetSchedulerState                   0x080036c1   Thumb Code    24  tasks.o(i.xTaskGetSchedulerState)
    xTaskIncrementTick                       0x080036e1   Thumb Code   272  tasks.o(i.xTaskIncrementTick)
    xTaskNotifyWait                          0x08003841   Thumb Code   150  tasks.o(i.xTaskNotifyWait)
    xTaskResumeAll                           0x080038e1   Thumb Code   214  tasks.o(i.xTaskResumeAll)
    TX_ADDRESS                               0x08003a00   Data           5  24l01.o(.constdata)
    RX_ADDRESS                               0x08003a05   Data           5  24l01.o(.constdata)
    ASCII_8x16                               0x08003a0a   Data        1536  oled096.o(.constdata)
    ARROW                                    0x0800400a   Data          16  oled096.o(.constdata)
    CIRCLE                                   0x0800401a   Data          16  oled096.o(.constdata)
    Region$$Table$$Base                      0x0800402c   Number         0  anon$$obj.o(Region$$Table)
    Region$$Table$$Limit                     0x0800404c   Number         0  anon$$obj.o(Region$$Table)
    SystemCoreClock                          0x20000000   Data           4  system_stm32f10x.o(.data)
    AHBPrescTable                            0x20000004   Data          16  system_stm32f10x.o(.data)
    pxCurrentTCB                             0x20000014   Data           4  tasks.o(.data)
    __stdout                                 0x2000008c   Data           4  usart.o(.data)
    USART1_RX_STA                            0x20000090   Data           2  usart.o(.data)
    STICK_ADC_DMA_IN                         0x20000092   Data           8  joy_stick.o(.data)
    STICK_ADC_BUFFER                         0x2000009a   Data           8  joy_stick.o(.data)
    StartTask_Handler                        0x200000a4   Data           4  main.o(.data)
    NRFModeTask_Handler                      0x200000a8   Data           4  main.o(.data)
    ESPModeTask_Handler                      0x200000ac   Data           4  main.o(.data)
    AutoModeTask_Handler                     0x200000b0   Data           4  main.o(.data)
    KeyProcessTask_Handler                   0x200000b4   Data           4  main.o(.data)
    SendTask_Handler                         0x200000b8   Data           4  main.o(.data)
    MainProcessTask_Handler                  0x200000bc   Data           4  main.o(.data)
    LEDToggleTask_Handler                    0x200000c0   Data           4  main.o(.data)
    com                                      0x200000c5   Data           3  main.o(.data)
    USART1_RX_BUF                            0x20002bac   Data         200  usart.o(.bss)
    __libspace_start                         0x20002c74   Data          96  libspace.o(.bss)
    __temporary_stack_top$libspace           0x20002cd4   Data           0  libspace.o(.bss)



==============================================================================

Memory Map of the image

  Image Entry point : 0x080000ed

  Load Region LR_IROM1 (Base: 0x08000000, Size: 0x00004114, Max: 0x00010000, ABSOLUTE)

    Execution Region ER_IROM1 (Base: 0x08000000, Size: 0x0000404c, Max: 0x00010000, ABSOLUTE)

    Base Addr    Size         Type   Attr      Idx    E Section Name        Object

    0x08000000   0x000000ec   Data   RO          132    RESET               startup_stm32f10x_md.o
    0x080000ec   0x00000008   Code   RO         4234  * !!!main             c_w.l(__main.o)
    0x080000f4   0x00000034   Code   RO         4407    !!!scatter          c_w.l(__scatter.o)
    0x08000128   0x0000001a   Code   RO         4409    !!handler_copy      c_w.l(__scatter_copy.o)
    0x08000142   0x00000002   PAD
    0x08000144   0x0000001c   Code   RO         4411    !!handler_zi        c_w.l(__scatter_zi.o)
    0x08000160   0x00000000   Code   RO         4219    .ARM.Collect$$_printf_percent$$00000000  c_w.l(_printf_percent.o)
    0x08000160   0x00000006   Code   RO         4217    .ARM.Collect$$_printf_percent$$00000009  c_w.l(_printf_d.o)
    0x08000166   0x00000006   Code   RO         4216    .ARM.Collect$$_printf_percent$$00000014  c_w.l(_printf_s.o)
    0x0800016c   0x00000004   Code   RO         4249    .ARM.Collect$$_printf_percent$$00000017  c_w.l(_printf_percent_end.o)
    0x08000170   0x00000002   Code   RO         4282    .ARM.Collect$$libinit$$00000000  c_w.l(libinit.o)
    0x08000172   0x00000000   Code   RO         4289    .ARM.Collect$$libinit$$00000002  c_w.l(libinit2.o)
    0x08000172   0x00000000   Code   RO         4291    .ARM.Collect$$libinit$$00000004  c_w.l(libinit2.o)
    0x08000172   0x00000000   Code   RO         4294    .ARM.Collect$$libinit$$0000000A  c_w.l(libinit2.o)
    0x08000172   0x00000000   Code   RO         4296    .ARM.Collect$$libinit$$0000000C  c_w.l(libinit2.o)
    0x08000172   0x00000000   Code   RO         4298    .ARM.Collect$$libinit$$0000000E  c_w.l(libinit2.o)
    0x08000172   0x00000000   Code   RO         4301    .ARM.Collect$$libinit$$00000011  c_w.l(libinit2.o)
    0x08000172   0x00000000   Code   RO         4303    .ARM.Collect$$libinit$$00000013  c_w.l(libinit2.o)
    0x08000172   0x00000000   Code   RO         4305    .ARM.Collect$$libinit$$00000015  c_w.l(libinit2.o)
    0x08000172   0x00000000   Code   RO         4307    .ARM.Collect$$libinit$$00000017  c_w.l(libinit2.o)
    0x08000172   0x00000000   Code   RO         4309    .ARM.Collect$$libinit$$00000019  c_w.l(libinit2.o)
    0x08000172   0x00000000   Code   RO         4311    .ARM.Collect$$libinit$$0000001B  c_w.l(libinit2.o)
    0x08000172   0x00000000   Code   RO         4313    .ARM.Collect$$libinit$$0000001D  c_w.l(libinit2.o)
    0x08000172   0x00000000   Code   RO         4315    .ARM.Collect$$libinit$$0000001F  c_w.l(libinit2.o)
    0x08000172   0x00000000   Code   RO         4317    .ARM.Collect$$libinit$$00000021  c_w.l(libinit2.o)
    0x08000172   0x00000000   Code   RO         4319    .ARM.Collect$$libinit$$00000023  c_w.l(libinit2.o)
    0x08000172   0x00000000   Code   RO         4321    .ARM.Collect$$libinit$$00000025  c_w.l(libinit2.o)
    0x08000172   0x00000000   Code   RO         4325    .ARM.Collect$$libinit$$0000002C  c_w.l(libinit2.o)
    0x08000172   0x00000000   Code   RO         4327    .ARM.Collect$$libinit$$0000002E  c_w.l(libinit2.o)
    0x08000172   0x00000000   Code   RO         4329    .ARM.Collect$$libinit$$00000030  c_w.l(libinit2.o)
    0x08000172   0x00000000   Code   RO         4331    .ARM.Collect$$libinit$$00000032  c_w.l(libinit2.o)
    0x08000172   0x00000002   Code   RO         4332    .ARM.Collect$$libinit$$00000033  c_w.l(libinit2.o)
    0x08000174   0x00000002   Code   RO         4350    .ARM.Collect$$libshutdown$$00000000  c_w.l(libshutdown.o)
    0x08000176   0x00000000   Code   RO         4361    .ARM.Collect$$libshutdown$$00000003  c_w.l(libshutdown2.o)
    0x08000176   0x00000000   Code   RO         4364    .ARM.Collect$$libshutdown$$00000006  c_w.l(libshutdown2.o)
    0x08000176   0x00000000   Code   RO         4367    .ARM.Collect$$libshutdown$$00000009  c_w.l(libshutdown2.o)
    0x08000176   0x00000000   Code   RO         4369    .ARM.Collect$$libshutdown$$0000000B  c_w.l(libshutdown2.o)
    0x08000176   0x00000000   Code   RO         4372    .ARM.Collect$$libshutdown$$0000000E  c_w.l(libshutdown2.o)
    0x08000176   0x00000002   Code   RO         4373    .ARM.Collect$$libshutdown$$0000000F  c_w.l(libshutdown2.o)
    0x08000178   0x00000000   Code   RO         4238    .ARM.Collect$$rtentry$$00000000  c_w.l(__rtentry.o)
    0x08000178   0x00000000   Code   RO         4253    .ARM.Collect$$rtentry$$00000002  c_w.l(__rtentry2.o)
    0x08000178   0x00000006   Code   RO         4265    .ARM.Collect$$rtentry$$00000004  c_w.l(__rtentry4.o)
    0x0800017e   0x00000000   Code   RO         4255    .ARM.Collect$$rtentry$$00000009  c_w.l(__rtentry2.o)
    0x0800017e   0x00000004   Code   RO         4256    .ARM.Collect$$rtentry$$0000000A  c_w.l(__rtentry2.o)
    0x08000182   0x00000000   Code   RO         4258    .ARM.Collect$$rtentry$$0000000C  c_w.l(__rtentry2.o)
    0x08000182   0x00000008   Code   RO         4259    .ARM.Collect$$rtentry$$0000000D  c_w.l(__rtentry2.o)
    0x0800018a   0x00000002   Code   RO         4286    .ARM.Collect$$rtexit$$00000000  c_w.l(rtexit.o)
    0x0800018c   0x00000000   Code   RO         4334    .ARM.Collect$$rtexit$$00000002  c_w.l(rtexit2.o)
    0x0800018c   0x00000004   Code   RO         4335    .ARM.Collect$$rtexit$$00000003  c_w.l(rtexit2.o)
    0x08000190   0x00000006   Code   RO         4336    .ARM.Collect$$rtexit$$00000004  c_w.l(rtexit2.o)
    0x08000196   0x00000002   PAD
    0x08000198   0x00000096   Code   RO         1004    .emb_text           port.o
    0x0800022e   0x00000002   PAD
    0x08000230   0x00000040   Code   RO          133    .text               startup_stm32f10x_md.o
    0x08000270   0x00000002   Code   RO         4179    .text               c_w.l(use_no_semi_2.o)
    0x08000272   0x00000002   PAD
    0x08000274   0x00000018   Code   RO         4185    .text               c_w.l(noretval__2printf.o)
    0x0800028c   0x00000068   Code   RO         4189    .text               c_w.l(__printf.o)
    0x080002f4   0x00000052   Code   RO         4191    .text               c_w.l(_printf_str.o)
    0x08000346   0x00000002   PAD
    0x08000348   0x00000078   Code   RO         4193    .text               c_w.l(_printf_dec.o)
    0x080003c0   0x00000064   Code   RO         4226    .text               c_w.l(rt_memcpy_w.o)
    0x08000424   0x00000010   Code   RO         4228    .text               c_w.l(aeabi_memset.o)
    0x08000434   0x00000044   Code   RO         4230    .text               c_w.l(rt_memclr.o)
    0x08000478   0x00000006   Code   RO         4232    .text               c_w.l(heapauxi.o)
    0x0800047e   0x00000002   Code   RO         4236    .text               c_w.l(use_no_semi.o)
    0x08000480   0x000000b2   Code   RO         4239    .text               c_w.l(_printf_intcommon.o)
    0x08000532   0x00000002   PAD
    0x08000534   0x00000030   Code   RO         4241    .text               c_w.l(_printf_char_common.o)
    0x08000564   0x0000002c   Code   RO         4245    .text               c_w.l(_printf_char.o)
    0x08000590   0x00000024   Code   RO         4247    .text               c_w.l(_printf_char_file.o)
    0x080005b4   0x0000004e   Code   RO         4250    .text               c_w.l(rt_memclr_w.o)
    0x08000602   0x00000008   Code   RO         4269    .text               c_w.l(ferror.o)
    0x0800060a   0x0000004a   Code   RO         4273    .text               c_w.l(sys_stackheap_outer.o)
    0x08000654   0x0000000c   Code   RO         4275    .text               c_w.l(exit.o)
    0x08000660   0x00000008   Code   RO         4283    .text               c_w.l(libspace.o)
    0x08000668   0x00000016   Code   RO         1195    i.ADC_Cmd           stm32f10x_adc.o
    0x0800067e   0x00000016   Code   RO         1196    i.ADC_DMACmd        stm32f10x_adc.o
    0x08000694   0x0000005c   Code   RO         1197    i.ADC_DeInit        stm32f10x_adc.o
    0x080006f0   0x00000014   Code   RO         1203    i.ADC_GetCalibrationStatus  stm32f10x_adc.o
    0x08000704   0x00000014   Code   RO         1209    i.ADC_GetResetCalibrationStatus  stm32f10x_adc.o
    0x08000718   0x00000050   Code   RO         1213    i.ADC_Init          stm32f10x_adc.o
    0x08000768   0x000000b8   Code   RO         1217    i.ADC_RegularChannelConfig  stm32f10x_adc.o
    0x08000820   0x0000000a   Code   RO         1218    i.ADC_ResetCalibration  stm32f10x_adc.o
    0x0800082a   0x00000016   Code   RO         1220    i.ADC_SoftwareStartConvCmd  stm32f10x_adc.o
    0x08000840   0x0000000a   Code   RO         1222    i.ADC_StartCalibration  stm32f10x_adc.o
    0x0800084a   0x00000002   PAD
    0x0800084c   0x00000020   Code   RO         3949    i.Auto_UI           main.o
    0x0800086c   0x00000004   Code   RO         4132    i.BusFault_Handler  stm32f10x_it.o
    0x08000870   0x00000018   Code   RO         1413    i.DMA_Cmd           stm32f10x_dma.o
    0x08000888   0x0000014c   Code   RO         1414    i.DMA_DeInit        stm32f10x_dma.o
    0x080009d4   0x0000003c   Code   RO         1419    i.DMA_Init          stm32f10x_dma.o
    0x08000a10   0x00000002   Code   RO         4133    i.DebugMon_Handler  stm32f10x_it.o
    0x08000a12   0x00000002   PAD
    0x08000a14   0x00000024   Code   RO         3950    i.ESP_UI            main.o
    0x08000a38   0x0000009c   Code   RO         3476    i.GET_AverageAdcValue  joy_stick.o
    0x08000ad4   0x00000116   Code   RO         1717    i.GPIO_Init         stm32f10x_gpio.o
    0x08000bea   0x00000012   Code   RO         1721    i.GPIO_ReadInputDataBit  stm32f10x_gpio.o
    0x08000bfc   0x00000004   Code   RO         1724    i.GPIO_ResetBits    stm32f10x_gpio.o
    0x08000c00   0x00000004   Code   RO         1725    i.GPIO_SetBits      stm32f10x_gpio.o
    0x08000c04   0x00000004   Code   RO         4134    i.HardFault_Handler  stm32f10x_it.o
    0x08000c08   0x0000002a   Code   RO         1828    i.I2C_CheckEvent    stm32f10x_i2c.o
    0x08000c32   0x00000018   Code   RO         1831    i.I2C_Cmd           stm32f10x_i2c.o
    0x08000c4a   0x00000002   PAD
    0x08000c4c   0x00000048   Code   RO         3406    i.I2C_Configuration  i2c.o
    0x08000c94   0x00000034   Code   RO         3407    i.I2C_GPIO_Init     i2c.o
    0x08000cc8   0x00000018   Code   RO         1838    i.I2C_GenerateSTART  stm32f10x_i2c.o
    0x08000ce0   0x00000018   Code   RO         1839    i.I2C_GenerateSTOP  stm32f10x_i2c.o
    0x08000cf8   0x000000ec   Code   RO         1845    i.I2C_Init          stm32f10x_i2c.o
    0x08000de4   0x00000012   Code   RO         1852    i.I2C_Send7bitAddress  stm32f10x_i2c.o
    0x08000df6   0x00000004   Code   RO         1853    i.I2C_SendData      stm32f10x_i2c.o
    0x08000dfa   0x00000002   PAD
    0x08000dfc   0x00000050   Code   RO         3477    i.JOY_STICK_Init    joy_stick.o
    0x08000e4c   0x00000038   Code   RO         3572    i.LED_Init          led.o
    0x08000e84   0x00000070   Code   RO         3951    i.MainUI            main.o
    0x08000ef4   0x00000004   Code   RO         4135    i.MemManage_Handler  stm32f10x_it.o
    0x08000ef8   0x0000005c   Code   RO         3478    i.Motion_Judge      joy_stick.o
    0x08000f54   0x00000002   Code   RO         4136    i.NMI_Handler       stm32f10x_it.o
    0x08000f56   0x00000002   PAD
    0x08000f58   0x000000bc   Code   RO         3614    i.NRF24L01_Init     24l01.o
    0x08001014   0x0000002c   Code   RO         3617    i.NRF24L01_Read_Reg  24l01.o
    0x08001040   0x00000068   Code   RO         3619    i.NRF24L01_TX_Mode  24l01.o
    0x080010a8   0x00000068   Code   RO         3620    i.NRF24L01_TxPacket  24l01.o
    0x08001110   0x0000003c   Code   RO         3621    i.NRF24L01_Write_Buf  24l01.o
    0x0800114c   0x00000030   Code   RO         3622    i.NRF24L01_Write_Reg  24l01.o
    0x0800117c   0x0000003c   Code   RO         3952    i.NRF_UI            main.o
    0x080011b8   0x0000000c   Code   RO         3228    i.NVIC_Configuration  sys.o
    0x080011c4   0x00000070   Code   RO         1130    i.NVIC_Init         misc.o
    0x08001234   0x00000014   Code   RO         1131    i.NVIC_PriorityGroupConfig  misc.o
    0x08001248   0x0000000a   Code   RO         3721    i.OLED_Clear        oled096.o
    0x08001252   0x00000002   PAD
    0x08001254   0x0000001c   Code   RO         3724    i.OLED_Display_Off  oled096.o
    0x08001270   0x0000003c   Code   RO         3725    i.OLED_Display_On   oled096.o
    0x080012ac   0x00000034   Code   RO         3726    i.OLED_FillAll      oled096.o
    0x080012e0   0x00000014   Code   RO         3727    i.OLED_Init         oled096.o
    0x080012f4   0x00000074   Code   RO         3728    i.OLED_ShowArrow    oled096.o
    0x08001368   0x00000068   Code   RO         3729    i.OLED_ShowChar     oled096.o
    0x080013d0   0x00000074   Code   RO         3730    i.OLED_ShowCircle   oled096.o
    0x08001444   0x00000070   Code   RO         3731    i.OLED_ShowNum      oled096.o
    0x080014b4   0x0000002e   Code   RO         3732    i.OLED_ShowStr      oled096.o
    0x080014e2   0x00000030   Code   RO         3733    i.OLED_StartPoint   oled096.o
    0x08001512   0x00000002   PAD
    0x08001514   0x00000018   Code   RO         2029    i.RCC_ADCCLKConfig  stm32f10x_rcc.o
    0x0800152c   0x00000020   Code   RO         2030    i.RCC_AHBPeriphClockCmd  stm32f10x_rcc.o
    0x0800154c   0x00000020   Code   RO         2031    i.RCC_APB1PeriphClockCmd  stm32f10x_rcc.o
    0x0800156c   0x00000020   Code   RO         2032    i.RCC_APB1PeriphResetCmd  stm32f10x_rcc.o
    0x0800158c   0x00000020   Code   RO         2033    i.RCC_APB2PeriphClockCmd  stm32f10x_rcc.o
    0x080015ac   0x00000020   Code   RO         2034    i.RCC_APB2PeriphResetCmd  stm32f10x_rcc.o
    0x080015cc   0x000000d4   Code   RO         2041    i.RCC_GetClocksFreq  stm32f10x_rcc.o
    0x080016a0   0x00000094   Code   RO         3172    i.SPI2_Init         spi.o
    0x08001734   0x00000050   Code   RO         3173    i.SPI2_RWByte       spi.o
    0x08001784   0x00000028   Code   RO         3174    i.SPI2_SetSpeed     spi.o
    0x080017ac   0x00000018   Code   RO         2234    i.SPI_Cmd           stm32f10x_spi.o
    0x080017c4   0x00000012   Code   RO         2242    i.SPI_I2S_GetFlagStatus  stm32f10x_spi.o
    0x080017d6   0x00000006   Code   RO         2245    i.SPI_I2S_ReceiveData  stm32f10x_spi.o
    0x080017dc   0x00000004   Code   RO         2246    i.SPI_I2S_SendData  stm32f10x_spi.o
    0x080017e0   0x0000003c   Code   RO         2247    i.SPI_Init          stm32f10x_spi.o
    0x0800181c   0x00000068   Code   RO         3479    i.STICK_ADC1_Init   joy_stick.o
    0x08001884   0x00000058   Code   RO         3480    i.STICK_DMA_Init    joy_stick.o
    0x080018dc   0x00000078   Code   RO         3481    i.STICK_GPIO_Init   joy_stick.o
    0x08001954   0x00000080   Code   RO         3482    i.STICK_KEY_Status  joy_stick.o
    0x080019d4   0x00000008   Code   RO           17    i.SetSysClock       system_stm32f10x.o
    0x080019dc   0x000000e0   Code   RO           18    i.SetSysClockTo72   system_stm32f10x.o
    0x08001abc   0x00000028   Code   RO         1134    i.SysTick_CLKSourceConfig  misc.o
    0x08001ae4   0x00000010   Code   RO         3101    i.SysTick_Handler   delay.o
    0x08001af4   0x00000060   Code   RO           20    i.SystemInit        system_stm32f10x.o
    0x08001b54   0x00000088   Code   RO         3291    i.USART1_IRQHandler  usart.o
    0x08001bdc   0x000000a8   Code   RO         3292    i.USART1_Init       usart.o
    0x08001c84   0x00000018   Code   RO         2925    i.USART_Cmd         stm32f10x_usart.o
    0x08001c9c   0x0000009c   Code   RO         2927    i.USART_DeInit      stm32f10x_usart.o
    0x08001d38   0x00000054   Code   RO         2929    i.USART_GetITStatus  stm32f10x_usart.o
    0x08001d8c   0x0000004a   Code   RO         2931    i.USART_ITConfig    stm32f10x_usart.o
    0x08001dd6   0x00000002   PAD
    0x08001dd8   0x000000d8   Code   RO         2932    i.USART_Init        stm32f10x_usart.o
    0x08001eb0   0x0000000a   Code   RO         2939    i.USART_ReceiveData  stm32f10x_usart.o
    0x08001eba   0x00000004   Code   RO         4137    i.UsageFault_Handler  stm32f10x_it.o
    0x08001ebe   0x00000002   PAD
    0x08001ec0   0x0000007c   Code   RO         3734    i.WriteMem          oled096.o
    0x08001f3c   0x00000090   Code   RO         3735    i.WriteMem_Buffer   oled096.o
    0x08001fcc   0x00000004   Code   RO         3294    i._sys_exit         usart.o
    0x08001fd0   0x0000006c   Code   RO         3953    i.auto_mode_task    main.o
    0x0800203c   0x0000005c   Code   RO         3102    i.delay_init        delay.o
    0x08002098   0x00000044   Code   RO         3103    i.delay_ms          delay.o
    0x080020dc   0x00000048   Code   RO         3104    i.delay_us          delay.o
    0x08002124   0x00000018   Code   RO         3105    i.delay_xms         delay.o
    0x0800213c   0x0000006c   Code   RO         3954    i.esp_mode_task     main.o
    0x080021a8   0x0000001c   Code   RO         3295    i.fputc             usart.o
    0x080021c4   0x0000010c   Code   RO         3955    i.key_process_task  main.o
    0x080022d0   0x00000020   Code   RO         3956    i.led_toggle_task   main.o
    0x080022f0   0x0000005c   Code   RO         3957    i.main              main.o
    0x0800234c   0x000000e8   Code   RO         3958    i.main_process_task  main.o
    0x08002434   0x00000016   Code   RO         3736    i.mypow             oled096.o
    0x0800244a   0x00000002   PAD
    0x0800244c   0x00000090   Code   RO         3959    i.nrf_mode_task     main.o
    0x080024dc   0x00000098   Code   RO          645    i.prvAddCurrentTaskToDelayedList  tasks.o
    0x08002574   0x000000b8   Code   RO          646    i.prvAddNewTaskToReadyList  tasks.o
    0x0800262c   0x00000064   Code   RO          647    i.prvCheckTasksWaitingTermination  tasks.o
    0x08002690   0x00000012   Code   RO          648    i.prvDeleteTCB      tasks.o
    0x080026a2   0x00000002   PAD
    0x080026a4   0x0000007c   Code   RO         1081    i.prvHeapInit       heap_4.o
    0x08002720   0x00000028   Code   RO          649    i.prvIdleTask       tasks.o
    0x08002748   0x000000d0   Code   RO          650    i.prvInitialiseNewTask  tasks.o
    0x08002818   0x00000068   Code   RO          651    i.prvInitialiseTaskLists  tasks.o
    0x08002880   0x00000068   Code   RO         1082    i.prvInsertBlockIntoFreeList  heap_4.o
    0x080028e8   0x00000034   Code   RO          653    i.prvResetNextTaskUnblockTime  tasks.o
    0x0800291c   0x0000006c   Code   RO         1005    i.prvTaskExitError  port.o
    0x08002988   0x00000074   Code   RO          655    i.prvTaskIsTaskSuspended  tasks.o
    0x080029fc   0x00000150   Code   RO         1083    i.pvPortMalloc      heap_4.o
    0x08002b4c   0x00000024   Code   RO         1006    i.pxPortInitialiseStack  port.o
    0x08002b70   0x00000040   Code   RO         3960    i.send_task         main.o
    0x08002bb0   0x00000178   Code   RO         3961    i.start_task        main.o
    0x08002d28   0x00000074   Code   RO          658    i.ulTaskNotifyTake  tasks.o
    0x08002d9c   0x00000028   Code   RO          324    i.uxListRemove      list.o
    0x08002dc4   0x0000001a   Code   RO          325    i.vListInitialise   list.o
    0x08002dde   0x00000006   Code   RO          326    i.vListInitialiseItem  list.o
    0x08002de4   0x00000034   Code   RO          327    i.vListInsert       list.o
    0x08002e18   0x00000018   Code   RO          328    i.vListInsertEnd    list.o
    0x08002e30   0x00000084   Code   RO         1008    i.vPortEnterCritical  port.o
    0x08002eb4   0x0000006c   Code   RO         1009    i.vPortExitCritical  port.o
    0x08002f20   0x000000b4   Code   RO         1084    i.vPortFree         heap_4.o
    0x08002fd4   0x0000001c   Code   RO         1010    i.vPortSetupTimerInterrupt  port.o
    0x08002ff0   0x00000074   Code   RO          665    i.vTaskDelay        tasks.o
    0x08003064   0x0000010c   Code   RO          667    i.vTaskDelete       tasks.o
    0x08003170   0x000000ac   Code   RO          677    i.vTaskResume       tasks.o
    0x0800321c   0x000000a4   Code   RO          680    i.vTaskStartScheduler  tasks.o
    0x080032c0   0x00000100   Code   RO          681    i.vTaskSuspend      tasks.o
    0x080033c0   0x00000010   Code   RO          682    i.vTaskSuspendAll   tasks.o
    0x080033d0   0x000000a8   Code   RO          683    i.vTaskSwitchContext  tasks.o
    0x08003478   0x000000a0   Code   RO         1012    i.xPortStartScheduler  port.o
    0x08003518   0x00000034   Code   RO         1013    i.xPortSysTickHandler  port.o
    0x0800354c   0x00000060   Code   RO          685    i.xTaskCreate       tasks.o
    0x080035ac   0x00000114   Code   RO          686    i.xTaskGenericNotify  tasks.o
    0x080036c0   0x00000020   Code   RO          689    i.xTaskGetSchedulerState  tasks.o
    0x080036e0   0x00000160   Code   RO          692    i.xTaskIncrementTick  tasks.o
    0x08003840   0x000000a0   Code   RO          694    i.xTaskNotifyWait   tasks.o
    0x080038e0   0x00000120   Code   RO          698    i.xTaskResumeAll    tasks.o
    0x08003a00   0x0000000a   Data   RO         3623    .constdata          24l01.o
    0x08003a0a   0x00000620   Data   RO         3737    .constdata          oled096.o
    0x0800402a   0x00000002   PAD
    0x0800402c   0x00000020   Data   RO         4405    Region$$Table       anon$$obj.o


    Execution Region RW_IRAM1 (Base: 0x20000000, Size: 0x000032d8, Max: 0x00005000, ABSOLUTE)

    Base Addr    Size         Type   Attr      Idx    E Section Name        Object

    0x20000000   0x00000014   Data   RW           21    .data               system_stm32f10x.o
    0x20000014   0x0000003c   Data   RW          701    .data               tasks.o
    0x20000050   0x0000000c   Data   RW         1014    .data               port.o
    0x2000005c   0x00000018   Data   RW         1089    .data               heap_4.o
    0x20000074   0x00000014   Data   RW         2061    .data               stm32f10x_rcc.o
    0x20000088   0x00000004   Data   RW         3106    .data               delay.o
    0x2000008c   0x00000006   Data   RW         3297    .data               usart.o
    0x20000092   0x00000011   Data   RW         3483    .data               joy_stick.o
    0x200000a3   0x00000001   PAD
    0x200000a4   0x00000024   Data   RW         3962    .data               main.o
    0x200000c8   0x000002e4   Zero   RW          700    .bss                tasks.o
    0x200003ac   0x00002800   Zero   RW         1088    .bss                heap_4.o
    0x20002bac   0x000000c8   Zero   RW         3296    .bss                usart.o
    0x20002c74   0x00000060   Zero   RW         4284    .bss                c_w.l(libspace.o)
    0x20002cd4   0x00000004   PAD
    0x20002cd8   0x00000200   Zero   RW          131    HEAP                startup_stm32f10x_md.o
    0x20002ed8   0x00000400   Zero   RW          130    STACK               startup_stm32f10x_md.o


==============================================================================

Image component sizes


      Code (inc. data)   RO Data    RW Data    ZI Data      Debug   Object Name

       548         66         10          0          0     205643   24l01.o
         0          0          0          0          0       4536   core_cm3.o
         0          0          0          0          0       2636   croutine.o
       272         26          0          4          0     204333   delay.o
         0          0          0          0          0       1452   event_groups.o
       744        168          0         24      10240       3595   heap_4.o
       124         16          0          0          0        892   i2c.o
       768         56          0         17          0     216067   joy_stick.o
        56          6          0          0          0        451   led.o
       148          0          0          0          0       7874   list.o
      1664        394          0         36          0     216429   main.o
       172         22          0          0          0     214097   misc.o
      1002         74       1568          0          0     210276   oled096.o
       774        232          0         12          0       9280   port.o
       268         16          0          0          0     203354   spi.o
        64         26        236          0       1536        772   startup_stm32f10x_md.o
       482         24          0          0          0       7250   stm32f10x_adc.o
       416          8          0          0          0       3178   stm32f10x_dma.o
       304          0          0          0          0       3336   stm32f10x_gpio.o
       372         14          0          0          0       5398   stm32f10x_i2c.o
        20          0          0          0          0       2357   stm32f10x_it.o
       396         56          0         20          0       6167   stm32f10x_rcc.o
       112          0          0          0          0       3450   stm32f10x_spi.o
       564         28          0          0          0       5125   stm32f10x_usart.o
        12          0          0          0          0        413   sys.o
       328         28          0         20          0      49549   system_stm32f10x.o
      3454        816          0         60        740      25627   tasks.o
       336         24          0          6        200     207380   usart.o

    ----------------------------------------------------------------------
     13424       2100       1848        200      12716    1820917   Object Totals
         0          0         32          0          0          0   (incl. Generated)
        24          0          2          1          0          0   (incl. Padding)

    ----------------------------------------------------------------------

      Code (inc. data)   RO Data    RW Data    ZI Data      Debug   Library Member Name

         8          0          0          0          0         68   __main.o
       104          0          0          0          0         84   __printf.o
         0          0          0          0          0          0   __rtentry.o
        12          0          0          0          0          0   __rtentry2.o
         6          0          0          0          0          0   __rtentry4.o
        52          8          0          0          0          0   __scatter.o
        26          0          0          0          0          0   __scatter_copy.o
        28          0          0          0          0          0   __scatter_zi.o
        44          0          0          0          0        108   _printf_char.o
        48          6          0          0          0         96   _printf_char_common.o
        36          4          0          0          0         80   _printf_char_file.o
         6          0          0          0          0          0   _printf_d.o
       120         16          0          0          0         92   _printf_dec.o
       178          0          0          0          0         88   _printf_intcommon.o
         0          0          0          0          0          0   _printf_percent.o
         4          0          0          0          0          0   _printf_percent_end.o
         6          0          0          0          0          0   _printf_s.o
        82          0          0          0          0         80   _printf_str.o
        16          0          0          0          0         68   aeabi_memset.o
        12          0          0          0          0         72   exit.o
         8          0          0          0          0         68   ferror.o
         6          0          0          0          0        152   heapauxi.o
         2          0          0          0          0          0   libinit.o
         2          0          0          0          0          0   libinit2.o
         2          0          0          0          0          0   libshutdown.o
         2          0          0          0          0          0   libshutdown2.o
         8          4          0          0         96         68   libspace.o
        24          4          0          0          0         84   noretval__2printf.o
        68          0          0          0          0         68   rt_memclr.o
        78          0          0          0          0         80   rt_memclr_w.o
       100          0          0          0          0         80   rt_memcpy_w.o
         2          0          0          0          0          0   rtexit.o
        10          0          0          0          0          0   rtexit2.o
        74          0          0          0          0         80   sys_stackheap_outer.o
         2          0          0          0          0         68   use_no_semi.o
         2          0          0          0          0         68   use_no_semi_2.o

    ----------------------------------------------------------------------
      1188         42          0          0        100       1652   Library Totals
        10          0          0          0          4          0   (incl. Padding)

    ----------------------------------------------------------------------

      Code (inc. data)   RO Data    RW Data    ZI Data      Debug   Library Name

      1178         42          0          0         96       1652   c_w.l

    ----------------------------------------------------------------------
      1188         42          0          0        100       1652   Library Totals

    ----------------------------------------------------------------------

==============================================================================


      Code (inc. data)   RO Data    RW Data    ZI Data      Debug   

     14612       2142       1848        200      12816    1814193   Grand Totals
     14612       2142       1848        200      12816    1814193   ELF Image Totals
     14612       2142       1848        200          0          0   ROM Totals

==============================================================================

    Total RO  Size (Code + RO Data)                16460 (  16.07kB)
    Total RW  Size (RW Data + ZI Data)             13016 (  12.71kB)
    Total ROM Size (Code + RO Data + RW Data)      16660 (  16.27kB)

==============================================================================

